
Discarded input sections

 .group         0x0000000000000000        0xc ./Project_Settings/Startup_Code/exceptions.o
 .group         0x0000000000000000        0xc ./Project_Settings/Startup_Code/exceptions.o
 .group         0x0000000000000000        0xc ./Project_Settings/Startup_Code/exceptions.o
 .group         0x0000000000000000        0xc ./Project_Settings/Startup_Code/exceptions.o
 .group         0x0000000000000000        0xc ./Project_Settings/Startup_Code/exceptions.o
 .group         0x0000000000000000        0xc ./Project_Settings/Startup_Code/exceptions.o
 .group         0x0000000000000000        0xc ./Project_Settings/Startup_Code/exceptions.o
 .group         0x0000000000000000        0xc ./Project_Settings/Startup_Code/exceptions.o
 .group         0x0000000000000000        0xc ./Project_Settings/Startup_Code/exceptions.o
 .group         0x0000000000000000        0xc ./Project_Settings/Startup_Code/exceptions.o
 .group         0x0000000000000000        0xc ./Project_Settings/Startup_Code/exceptions.o
 .group         0x0000000000000000        0xc ./Project_Settings/Startup_Code/exceptions.o
 .group         0x0000000000000000        0xc ./Project_Settings/Startup_Code/exceptions.o
 .group         0x0000000000000000        0xc ./Project_Settings/Startup_Code/exceptions.o
 .group         0x0000000000000000        0xc ./Project_Settings/Startup_Code/exceptions.o
 .group         0x0000000000000000        0xc ./Project_Settings/Startup_Code/exceptions.o
 .group         0x0000000000000000        0xc ./Project_Settings/Startup_Code/exceptions.o
 .group         0x0000000000000000        0xc ./Project_Settings/Startup_Code/exceptions.o
 .group         0x0000000000000000        0xc ./Project_Settings/Startup_Code/exceptions.o
 .group         0x0000000000000000        0xc ./Project_Settings/Startup_Code/exceptions.o
 .group         0x0000000000000000        0xc ./Project_Settings/Startup_Code/exceptions.o
 .group         0x0000000000000000        0xc ./Project_Settings/Startup_Code/nvic.o
 .group         0x0000000000000000        0xc ./Project_Settings/Startup_Code/nvic.o
 .group         0x0000000000000000        0xc ./Project_Settings/Startup_Code/nvic.o
 .group         0x0000000000000000        0xc ./Project_Settings/Startup_Code/nvic.o
 .group         0x0000000000000000        0xc ./Project_Settings/Startup_Code/nvic.o
 .group         0x0000000000000000        0xc ./Project_Settings/Startup_Code/nvic.o
 .group         0x0000000000000000        0xc ./Project_Settings/Startup_Code/nvic.o
 .group         0x0000000000000000        0xc ./Project_Settings/Startup_Code/nvic.o
 .group         0x0000000000000000        0xc ./Project_Settings/Startup_Code/nvic.o
 .group         0x0000000000000000        0xc ./Project_Settings/Startup_Code/nvic.o
 .group         0x0000000000000000        0xc ./Project_Settings/Startup_Code/nvic.o
 .group         0x0000000000000000        0xc ./Project_Settings/Startup_Code/nvic.o
 .group         0x0000000000000000        0xc ./Project_Settings/Startup_Code/nvic.o
 .group         0x0000000000000000        0xc ./Project_Settings/Startup_Code/nvic.o
 .group         0x0000000000000000        0xc ./Project_Settings/Startup_Code/nvic.o
 .group         0x0000000000000000        0xc ./Project_Settings/Startup_Code/nvic.o
 .group         0x0000000000000000        0xc ./Project_Settings/Startup_Code/nvic.o
 .group         0x0000000000000000        0xc ./Project_Settings/Startup_Code/nvic.o
 .group         0x0000000000000000        0xc ./Project_Settings/Startup_Code/nvic.o
 .group         0x0000000000000000        0xc ./Project_Settings/Startup_Code/nvic.o
 .group         0x0000000000000000        0xc ./Project_Settings/Startup_Code/nvic.o
 .group         0x0000000000000000        0xc ./Project_Settings/Startup_Code/nvic.o
 .group         0x0000000000000000        0xc ./Project_Settings/Startup_Code/nvic.o
 .group         0x0000000000000000        0xc ./Project_Settings/Startup_Code/nvic.o
 .group         0x0000000000000000        0xc ./Project_Settings/Startup_Code/nvic.o
 .group         0x0000000000000000        0xc ./Project_Settings/Startup_Code/nvic.o
 .group         0x0000000000000000        0xc ./Project_Settings/Startup_Code/nvic.o
 .group         0x0000000000000000        0xc ./Project_Settings/Startup_Code/nvic.o
 .group         0x0000000000000000        0xc ./Project_Settings/Startup_Code/nvic.o
 .group         0x0000000000000000        0xc ./Project_Settings/Startup_Code/nvic.o
 .group         0x0000000000000000        0xc ./Project_Settings/Startup_Code/nvic.o
 .group         0x0000000000000000        0xc ./Project_Settings/Startup_Code/nvic.o
 .group         0x0000000000000000        0xc ./Project_Settings/Startup_Code/nvic.o
 .group         0x0000000000000000        0xc ./Project_Settings/Startup_Code/nvic.o
 .group         0x0000000000000000        0xc ./Project_Settings/Startup_Code/nvic.o
 .group         0x0000000000000000        0xc ./Project_Settings/Startup_Code/nvic.o
[...]
Memory Configuration

Name             Origin             Length             Attributes
int_flash_c0     0x0000000000400000 0x0000000000200000
int_flash_c1     0x0000000000600000 0x00000000001d4000
int_itcm         0x0000000000000000 0x0000000000008000
int_dtcm         0x0000000020000000 0x000000000000f000
int_stack_dtcm   0x000000002000f000 0x0000000000001000
int_sram_c0      0x0000000020400000 0x0000000000017f00
int_sram_fls_rsv_c0 0x0000000020417f00 0x0000000000000100
int_sram_no_cacheable_c0 0x0000000020418000 0x0000000000008000
ram_end_c0       0x0000000020420000 0x0000000000000000
int_sram_c1      0x0000000020420000 0x000000000000ff00
int_sram_fls_rsv_c1 0x000000002042ff00 0x0000000000000100
int_sram_no_cacheable_c1 0x0000000020430000 0x0000000000010000
ram_end_c1       0x0000000020440000 0x0000000000000000
int_sram_shareable 0x0000000020440000 0x0000000000004000
ram_rsvd2        0x0000000020444000 0x0000000000000000
*default*        0x0000000000000000 0xffffffffffffffff

Linker script and memory map

LOAD ./Project_Settings/Startup_Code/Vector_Table.o
LOAD ./Project_Settings/Startup_Code/exceptions.o
LOAD ./Project_Settings/Startup_Code/nvic.o
LOAD ./Project_Settings/Startup_Code/startup.o
LOAD ./Project_Settings/Startup_Code/startup_cm7.o
LOAD ./Project_Settings/Startup_Code/system.o
LOAD ./RTD/src/Clock_Ip.o
LOAD ./RTD/src/Clock_Ip_Data.o
LOAD ./RTD/src/Clock_Ip_Divider.o
LOAD ./RTD/src/Clock_Ip_DividerTrigger.o
LOAD ./RTD/src/Clock_Ip_ExtOsc.o
LOAD ./RTD/src/Clock_Ip_FracDiv.o
LOAD ./RTD/src/Clock_Ip_Frequency.o
LOAD ./RTD/src/Clock_Ip_Gate.o
LOAD ./RTD/src/Clock_Ip_IntOsc.o
LOAD ./RTD/src/Clock_Ip_Irq.o
LOAD ./RTD/src/Clock_Ip_Monitor.o
LOAD ./RTD/src/Clock_Ip_Pll.o
LOAD ./RTD/src/Clock_Ip_ProgFreqSwitch.o
LOAD ./RTD/src/Clock_Ip_Selector.o
LOAD ./RTD/src/Clock_Ip_Specific.o
LOAD ./RTD/src/Igf_Port_Ip.o
LOAD ./RTD/src/OsIf_Timer.o
LOAD ./RTD/src/OsIf_Timer_System.o
LOAD ./RTD/src/SchM_Mcu.o
LOAD ./RTD/src/SchM_Port.o
LOAD ./RTD/src/Siul2_Port_Ip.o
LOAD ./RTD/src/Tspc_Port_Ip.o
LOAD ./board/Siul2_Port_Ip_Cfg.o
LOAD ./board/Tspc_Port_Ip_Cfg.o
LOAD ./generate/src/Clock_Ip_Cfg.o
LOAD ./generate/src/Igf_Port_Ip_Cfg.o
LOAD ./generate/src/OsIf_Cfg.o
LOAD ./src/main.o
LOAD /usr/lib/gcc/arm-none-eabi/9.2.1/../../../arm-none-eabi/lib/thumb/v7e-m+fp/hard/libc_nano.a
LOAD /usr/lib/gcc/arm-none-eabi/9.2.1/../../../arm-none-eabi/lib/thumb/v7e-m+fp/hard/libm.a
LOAD /usr/lib/gcc/arm-none-eabi/9.2.1/thumb/v7e-m+fp/hard/libgcc.a
START GROUP
LOAD /usr/lib/gcc/arm-none-eabi/9.2.1/thumb/v7e-m+fp/hard/libgcc.a
LOAD /usr/lib/gcc/arm-none-eabi/9.2.1/../../../arm-none-eabi/lib/thumb/v7e-m+fp/hard/libg_nano.a
LOAD /usr/lib/gcc/arm-none-eabi/9.2.1/../../../arm-none-eabi/lib/thumb/v7e-m+fp/hard/libc_nano.a
END GROUP
START GROUP
LOAD /usr/lib/gcc/arm-none-eabi/9.2.1/thumb/v7e-m+fp/hard/libgcc.a
LOAD /usr/lib/gcc/arm-none-eabi/9.2.1/../../../arm-none-eabi/lib/thumb/v7e-m+fp/hard/libc_nano.a
LOAD /usr/lib/gcc/arm-none-eabi/9.2.1/../../../arm-none-eabi/lib/thumb/v7e-m+fp/hard/libnosys.a
END GROUP
START GROUP
LOAD /usr/lib/gcc/arm-none-eabi/9.2.1/thumb/v7e-m+fp/hard/libgcc.a
LOAD /usr/lib/gcc/arm-none-eabi/9.2.1/../../../arm-none-eabi/lib/thumb/v7e-m+fp/hard/libc_nano.a
LOAD /usr/lib/gcc/arm-none-eabi/9.2.1/../../../arm-none-eabi/lib/thumb/v7e-m+fp/hard/libnosys.a
END GROUP
                0x0000000000001000                HEAP_SIZE = DEFINED (__heap_size__)?__heap_size__:0x1000

.flash          0x0000000000400000     0x5654
 *(.boot_header)
 .boot_header   0x0000000000400000       0x30 ./Project_Settings/Startup_Code/startup_cm7.o
                0x0000000000400800                . = ALIGN (0x800)
 *fill*         0x0000000000400030      0x7d0 
                0x0000000000400800                __text_start = .
                0x0000000000400800                __interrupts_init_start = .
 *(.intc_vector)
 .intc_vector   0x0000000000400800      0x408 ./Project_Settings/Startup_Code/Vector_Table.o
                0x0000000000400800                VTABLE
                0x0000000000400c08                . = ALIGN (0x4)
                0x0000000000400c08                __interrupts_init_end = .
 *(.core_loop)
 .core_loop     0x0000000000400c08        0xc ./Project_Settings/Startup_Code/startup_cm7.o
                0x0000000000400c08                _core_loop
                0x0000000000400c14                . = ALIGN (0x4)
 *(.startup)
 *fill*         0x0000000000400c14        0xc 
 .startup       0x0000000000400c20      0x1cc ./Project_Settings/Startup_Code/startup_cm7.o
                0x0000000000400c20                Reset_Handler
                0x0000000000400c20                _start
                0x0000000000400d7a                MCAL_LTB_TRACE_OFF
                0x0000000000400d7c                _end_of_eunit_test
                0x0000000000400dec                . = ALIGN (0x4)
 *(.text.startup)
 .text.startup  0x0000000000400dec       0x10 ./src/main.o
                0x0000000000400dec                main
                0x0000000000400dfc                . = ALIGN (0x4)
 *(.text)
 .text          0x0000000000400dfc        0x0 ./Project_Settings/Startup_Code/Vector_Table.o
 .text          0x0000000000400dfc       0x14 ./Project_Settings/Startup_Code/exceptions.o
                0x0000000000400dfc                NMI_Handler
                0x0000000000400dfe                HardFault_Handler
                0x0000000000400e00                MemManage_Handler
                0x0000000000400e02                BusFault_Handler
                0x0000000000400e04                UsageFault_Handler
                0x0000000000400e06                SVC_Handler
                0x0000000000400e08                DebugMon_Handler
                0x0000000000400e0a                PendSV_Handler
                0x0000000000400e0c                SysTick_Handler
                0x0000000000400e0e                undefined_handler
 .text          0x0000000000400e10       0x52 ./Project_Settings/Startup_Code/nvic.o
                0x0000000000400e10                NVIC_SetPriorityGrouping
                0x0000000000400e24                NVIC_EnableIRQ
                0x0000000000400e3c                NVIC_DisableIRQ
                0x0000000000400e54                NVIC_SetPriority
 *fill*         0x0000000000400e62        0x2 
 .text          0x0000000000400e64       0xec ./Project_Settings/Startup_Code/startup.o
                0x0000000000400e64                init_data_bss
                0x0000000000400ef4                init_data_bss_core2
 .text          0x0000000000400f50        0x0 ./Project_Settings/Startup_Code/startup_cm7.o
 .text          0x0000000000400f50      0x300 ./Project_Settings/Startup_Code/system.o
                0x0000000000400f50                startup_go_to_user_mode
                0x0000000000400f52                default_interrupt_routine
                0x0000000000400f54                Sys_GetCoreID
                0x0000000000400f64                SystemInit
 .text          0x0000000000401250      0x8a8 ./RTD/src/Clock_Ip.o
                0x0000000000401252                Clock_Ip_InitClock
                0x0000000000401814                Clock_Ip_GetPllStatus
                0x00000000004018c0                Clock_Ip_DistributePll
                0x00000000004019a8                Clock_Ip_Init
                0x00000000004019d0                Clock_Ip_DisableClockMonitor
                0x00000000004019f4                Clock_Ip_InstallNotificationsCallback
                0x0000000000401a00                Clock_Ip_DisableModuleClock
                0x0000000000401a28                Clock_Ip_EnableModuleClock
                0x0000000000401a50                Clock_Ip_DisableFircInStandby
                0x0000000000401a68                Clock_Ip_EnableFircInStandby
                0x0000000000401a80                Clock_Ip_DisableSircInStandby
                0x0000000000401a98                Clock_Ip_EnableSircInStandby
                0x0000000000401ab0                Clock_Ip_ReportClockErrors
                0x0000000000401abc                Clock_Ip_StartTimeout
                0x0000000000401adc                Clock_Ip_TimeoutExpired
 .text          0x0000000000401af8        0x0 ./RTD/src/Clock_Ip_Data.o
 .text          0x0000000000401af8      0x120 ./RTD/src/Clock_Ip_Divider.o
 .text          0x0000000000401c18       0x9c ./RTD/src/Clock_Ip_DividerTrigger.o
 .text          0x0000000000401cb4      0x1b4 ./RTD/src/Clock_Ip_ExtOsc.o
 .text          0x0000000000401e68        0x6 ./RTD/src/Clock_Ip_FracDiv.o
 .text          0x0000000000401e6e        0x2 ./RTD/src/Clock_Ip_Frequency.o
                0x0000000000401e6e                Clock_Ip_SetExternalSignalFrequency
 .text          0x0000000000401e70      0x128 ./RTD/src/Clock_Ip_Gate.o
 .text          0x0000000000401f98       0xfc ./RTD/src/Clock_Ip_IntOsc.o
 .text          0x0000000000402094        0x4 ./RTD/src/Clock_Ip_Irq.o
                0x0000000000402094                Mcu_Cmu_ClockFail_IRQHandler
 .text          0x0000000000402098      0x204 ./RTD/src/Clock_Ip_Monitor.o
                0x0000000000402244                Clock_Ip_CMU_GetInterruptStatus
                0x0000000000402258                Clock_Ip_CMU_ClockFailInt
 .text          0x000000000040229c      0x17c ./RTD/src/Clock_Ip_Pll.o
 .text          0x0000000000402418      0x154 ./RTD/src/Clock_Ip_ProgFreqSwitch.o
 .text          0x000000000040256c      0x3dc ./RTD/src/Clock_Ip_Selector.o
                0x000000000040291c                Clock_Ip_SetRtcRtccClksel_TrustedCall
 .text          0x0000000000402948      0x3a0 ./RTD/src/Clock_Ip_Specific.o
                0x00000000004029d8                Clock_Ip_McMeEnterKey
                0x00000000004029ec                Clock_Ip_PowerClockIpModules
                0x0000000000402bec                DisableFircInStandbyMode
                0x0000000000402bfc                EnableFircInStandbyMode
                0x0000000000402c18                DisableSircInStandbyMode
                0x0000000000402c28                EnableSircInStandbyMode
                0x0000000000402c44                Clock_Ip_Command
                0x0000000000402c88                Clock_Ip_FLASH_SetFlashIWS
                0x0000000000402c8a                Clock_Ip_SetFlashWaitStates
                0x0000000000402c8e                Clock_Ip_PRAMCSetRamIWS
                0x0000000000402ce4                Clock_Ip_SetRamWaitStates
 .text          0x0000000000402ce8        0x0 ./RTD/src/Igf_Port_Ip.o
 .text          0x0000000000402ce8       0x1e ./RTD/src/OsIf_Timer.o
                0x0000000000402ce8                OsIf_Init
                0x0000000000402cf0                OsIf_GetCounter
                0x0000000000402cf4                OsIf_GetElapsed
                0x0000000000402cfc                OsIf_SetTimerFrequency
                0x0000000000402cfe                OsIf_MicrosToTicks
 .text          0x0000000000402d06        0x0 ./RTD/src/OsIf_Timer_System.o
 *fill*         0x0000000000402d06        0x2 
 .text          0x0000000000402d08      0x108 ./RTD/src/SchM_Mcu.o
                0x0000000000402d08                Mcu_schm_read_msr
                0x0000000000402d0e                SchM_Enter_Mcu_MCU_EXCLUSIVE_AREA_00
                0x0000000000402d3c                SchM_Exit_Mcu_MCU_EXCLUSIVE_AREA_00
                0x0000000000402d68                SchM_Enter_Mcu_MCU_EXCLUSIVE_AREA_01
                0x0000000000402d98                SchM_Exit_Mcu_MCU_EXCLUSIVE_AREA_01
                0x0000000000402dbc                SchM_Enter_Mcu_MCU_EXCLUSIVE_AREA_02
                0x0000000000402dec                SchM_Exit_Mcu_MCU_EXCLUSIVE_AREA_02
 .text          0x0000000000402e10      0xabc ./RTD/src/SchM_Port.o
                0x0000000000402e10                Port_schm_read_msr
                0x0000000000402e16                SchM_Enter_Port_PORT_EXCLUSIVE_AREA_00
                0x0000000000402e44                SchM_Exit_Port_PORT_EXCLUSIVE_AREA_00
                0x0000000000402e70                SchM_Enter_Port_PORT_EXCLUSIVE_AREA_01
                0x0000000000402ea0                SchM_Exit_Port_PORT_EXCLUSIVE_AREA_01
                0x0000000000402ec4                SchM_Enter_Port_PORT_EXCLUSIVE_AREA_02
                0x0000000000402ef4                SchM_Exit_Port_PORT_EXCLUSIVE_AREA_02
                0x0000000000402f18                SchM_Enter_Port_PORT_EXCLUSIVE_AREA_03
                0x0000000000402f48                SchM_Exit_Port_PORT_EXCLUSIVE_AREA_03
                0x0000000000402f6c                SchM_Enter_Port_PORT_EXCLUSIVE_AREA_04
                0x0000000000402fa4                SchM_Exit_Port_PORT_EXCLUSIVE_AREA_04
                0x0000000000402fd0                SchM_Enter_Port_PORT_EXCLUSIVE_AREA_05
                0x0000000000403008                SchM_Exit_Port_PORT_EXCLUSIVE_AREA_05
                0x0000000000403034                SchM_Enter_Port_PORT_EXCLUSIVE_AREA_06
                0x000000000040306c                SchM_Exit_Port_PORT_EXCLUSIVE_AREA_06
                0x0000000000403098                SchM_Enter_Port_PORT_EXCLUSIVE_AREA_07
                0x00000000004030d0                SchM_Exit_Port_PORT_EXCLUSIVE_AREA_07
                0x00000000004030fc                SchM_Enter_Port_PORT_EXCLUSIVE_AREA_08
                0x0000000000403134                SchM_Exit_Port_PORT_EXCLUSIVE_AREA_08
                0x0000000000403160                SchM_Enter_Port_PORT_EXCLUSIVE_AREA_09
                0x0000000000403198                SchM_Exit_Port_PORT_EXCLUSIVE_AREA_09
                0x00000000004031c4                SchM_Enter_Port_PORT_EXCLUSIVE_AREA_10
                0x00000000004031fc                SchM_Exit_Port_PORT_EXCLUSIVE_AREA_10
                0x0000000000403228                SchM_Enter_Port_PORT_EXCLUSIVE_AREA_11
                0x0000000000403260                SchM_Exit_Port_PORT_EXCLUSIVE_AREA_11
                0x000000000040328c                SchM_Enter_Port_PORT_EXCLUSIVE_AREA_12
                0x00000000004032c4                SchM_Exit_Port_PORT_EXCLUSIVE_AREA_12
                0x00000000004032f0                SchM_Enter_Port_PORT_EXCLUSIVE_AREA_13
                0x0000000000403328                SchM_Exit_Port_PORT_EXCLUSIVE_AREA_13
                0x0000000000403354                SchM_Enter_Port_PORT_EXCLUSIVE_AREA_14
                0x000000000040338c                SchM_Exit_Port_PORT_EXCLUSIVE_AREA_14
                0x00000000004033b8                SchM_Enter_Port_PORT_EXCLUSIVE_AREA_15
                0x00000000004033f0                SchM_Exit_Port_PORT_EXCLUSIVE_AREA_15
                0x000000000040341c                SchM_Enter_Port_PORT_EXCLUSIVE_AREA_16
                0x0000000000403454                SchM_Exit_Port_PORT_EXCLUSIVE_AREA_16
                0x0000000000403480                SchM_Enter_Port_PORT_EXCLUSIVE_AREA_17
                0x00000000004034b8                SchM_Exit_Port_PORT_EXCLUSIVE_AREA_17
                0x00000000004034e4                SchM_Enter_Port_PORT_EXCLUSIVE_AREA_18
                0x000000000040351c                SchM_Exit_Port_PORT_EXCLUSIVE_AREA_18
                0x0000000000403548                SchM_Enter_Port_PORT_EXCLUSIVE_AREA_19
                0x0000000000403580                SchM_Exit_Port_PORT_EXCLUSIVE_AREA_19
                0x00000000004035ac                SchM_Enter_Port_PORT_EXCLUSIVE_AREA_20
                0x00000000004035e4                SchM_Exit_Port_PORT_EXCLUSIVE_AREA_20
                0x0000000000403610                SchM_Enter_Port_PORT_EXCLUSIVE_AREA_21
                0x0000000000403648                SchM_Exit_Port_PORT_EXCLUSIVE_AREA_21
                0x0000000000403674                SchM_Enter_Port_PORT_EXCLUSIVE_AREA_22
                0x00000000004036ac                SchM_Exit_Port_PORT_EXCLUSIVE_AREA_22
                0x00000000004036d8                SchM_Enter_Port_PORT_EXCLUSIVE_AREA_23
                0x0000000000403710                SchM_Exit_Port_PORT_EXCLUSIVE_AREA_23
                0x000000000040373c                SchM_Enter_Port_PORT_EXCLUSIVE_AREA_24
                0x0000000000403774                SchM_Exit_Port_PORT_EXCLUSIVE_AREA_24
                0x00000000004037a0                SchM_Enter_Port_PORT_EXCLUSIVE_AREA_25
                0x00000000004037d8                SchM_Exit_Port_PORT_EXCLUSIVE_AREA_25
                0x0000000000403804                SchM_Enter_Port_PORT_EXCLUSIVE_AREA_26
                0x000000000040383c                SchM_Exit_Port_PORT_EXCLUSIVE_AREA_26
                0x0000000000403868                SchM_Enter_Port_PORT_EXCLUSIVE_AREA_27
                0x00000000004038a0                SchM_Exit_Port_PORT_EXCLUSIVE_AREA_27
 .text          0x00000000004038cc      0x448 ./RTD/src/Siul2_Port_Ip.o
                0x0000000000403a2c                Siul2_Port_Ip_Init
                0x0000000000403a54                Siul2_Port_Ip_SetPullSel
                0x0000000000403ab0                Siul2_Port_Ip_SetOutputBuffer
                0x0000000000403b16                Siul2_Port_Ip_SetInputBuffer
                0x0000000000403b86                Siul2_Port_Ip_SetPinDirection
                0x0000000000403bfe                Siul2_Port_Ip_RevertPinConfiguration
                0x0000000000403c58                Siul2_Port_Ip_GetPinConfiguration
 .text          0x0000000000403d14       0xd0 ./RTD/src/Tspc_Port_Ip.o
                0x0000000000403d14                Tspc_Port_Ip_EnableObeGroup
                0x0000000000403d44                Tspc_Port_Ip_ConfigureObeGroup
 .text          0x0000000000403de4        0x0 ./board/Siul2_Port_Ip_Cfg.o
 .text          0x0000000000403de4        0x0 ./board/Tspc_Port_Ip_Cfg.o
 .text          0x0000000000403de4        0x0 ./generate/src/Clock_Ip_Cfg.o
 .text          0x0000000000403de4        0x0 ./generate/src/Igf_Port_Ip_Cfg.o
 .text          0x0000000000403de4        0x0 ./generate/src/OsIf_Cfg.o
 .text          0x0000000000403de4        0x0 ./src/main.o
 *(.text*)
                0x0000000000403de4                . = ALIGN (0x4)
 *(.mcal_text)
                0x0000000000403de4                . = ALIGN (0x4)
 *(.acmcu_code_rom)
                0x0000000000403de4                . = ALIGN (0x4)
                0x0000000000403de4                __acfls_code_rom_start = .
 *(.acfls_code_rom)
                0x0000000000403de4                . = ALIGN (0x4)
                0x0000000000403de4                __acfls_code_rom_end = .
 *(.init)
                0x0000000000403de4                . = ALIGN (0x4)
 *(.fini)
                0x0000000000403de4                . = ALIGN (0x4)
 *(.rodata)
 .rodata        0x0000000000403de4     0x10ee ./RTD/src/Clock_Ip_Data.o
                0x0000000000403de4                Clock_Ip_axGateInfo
                0x00000000004044bc                Clock_Ip_axFeatureExtensions
                0x00000000004046dc                Clock_Ip_aeHwDfsName
                0x00000000004046e0                Clock_Ip_aeHwPllName
                0x00000000004046e4                Clock_Ip_aeSourceTypeClockName
                0x000000000040473c                Clock_Ip_apxMcMeTriggerPartitions
                0x000000000040474c                Clock_Ip_apxMcMeGetPartitions
                0x000000000040475c                Clock_Ip_apxMcMeSetPartitions
                0x000000000040476c                Clock_Ip_axCmuInfo
                0x00000000004047dc                Clock_Ip_aeCmuNames
                0x00000000004047f8                Clock_Ip_apxCmu
                0x0000000000404814                Clock_Ip_apxPll
                0x0000000000404824                Clock_Ip_apxXosc
                0x000000000040482c                Clock_Ip_apxCgmPcfs
                0x0000000000404830                Clock_Ip_apxCgm
                0x0000000000404880                Clock_Ip_au16SelectorEntryRtcHardwareValue
                0x00000000004048ac                Clock_Ip_au16SelectorEntryHardwareValue
                0x00000000004048d8                Clock_Ip_au8SoftwareMuxResetValue
                0x0000000000404968                Clock_Ip_au8ClockFeatures
                0x0000000000404e78                Clock_Ip_au8CmuCallbackIndex
                0x0000000000404e81                Clock_Ip_au8PcfsCallbackIndex
                0x0000000000404e8a                Clock_Ip_au8SelectorCallbackIndex
                0x0000000000404e93                Clock_Ip_au8PllCallbackIndex
                0x0000000000404e9c                Clock_Ip_au8FractionalDividerCallbackIndex
                0x0000000000404ea5                Clock_Ip_au8GateCallbackIndex
                0x0000000000404eae                Clock_Ip_au8IrcoscCallbackIndex
                0x0000000000404eb7                Clock_Ip_au8XoscCallbackIndex
                0x0000000000404ec0                Clock_Ip_au8DividerTriggerCallbackIndex
                0x0000000000404ec9                Clock_Ip_au8DividerCallbackIndex
 *fill*         0x0000000000404ed2        0x2 
 .rodata        0x0000000000404ed4       0x10 ./RTD/src/Clock_Ip_Divider.o
                0x0000000000404ed4                Clock_Ip_axDividerCallbacks
 .rodata        0x0000000000404ee4       0x10 ./RTD/src/Clock_Ip_DividerTrigger.o
                0x0000000000404ee4                Clock_Ip_axDividerTriggerCallbacks
 .rodata        0x0000000000404ef4       0x3c ./RTD/src/Clock_Ip_ExtOsc.o
                0x0000000000404ef4                Clock_Ip_axExtOscCallbacks
 .rodata        0x0000000000404f30        0xc ./RTD/src/Clock_Ip_FracDiv.o
                0x0000000000404f30                Clock_Ip_axFracDivCallbacks
 .rodata        0x0000000000404f3c       0x10 ./RTD/src/Clock_Ip_Gate.o
                0x0000000000404f3c                Clock_Ip_axGateCallbacks
 .rodata        0x0000000000404f4c       0x34 ./RTD/src/Clock_Ip_IntOsc.o
                0x0000000000404f50                Clock_Ip_axIntOscCallbacks
 .rodata        0x0000000000404f80       0x20 ./RTD/src/Clock_Ip_Monitor.o
                0x0000000000404f80                Clock_Ip_axCmuCallbacks
 .rodata        0x0000000000404fa0       0x28 ./RTD/src/Clock_Ip_Pll.o
                0x0000000000404fa0                Clock_Ip_axPllCallbacks
 .rodata        0x0000000000404fc8        0x8 ./RTD/src/Clock_Ip_ProgFreqSwitch.o
                0x0000000000404fc8                Clock_Ip_axPcfsCallbacks
 .rodata        0x0000000000404fd0       0x28 ./RTD/src/Clock_Ip_Selector.o
                0x0000000000404fd0                Clock_Ip_axSelectorCallbacks
 .rodata        0x0000000000404ff8        0x4 ./RTD/src/Siul2_Port_Ip.o
                0x0000000000404ff8                Port_au32Siul2BaseAddr
 .rodata        0x0000000000404ffc      0x5f0 ./generate/src/Clock_Ip_Cfg.o
                0x0000000000404ffc                Clock_Ip_aClockConfig
 *(.rodata*)
                0x00000000004055ec                . = ALIGN (0x4)
 *(.mcal_const_cfg)
                0x00000000004055ec                . = ALIGN (0x4)
 *(.mcal_const)
                0x00000000004055ec                . = ALIGN (0x4)
                0x00000000004055ec                __init_table = .
 *(.init_table)
 .init_table    0x00000000004055ec       0x4c ./Project_Settings/Startup_Code/startup_cm7.o
                0x0000000000405638                . = ALIGN (0x4)
                0x0000000000405638                __zero_table = .
 *(.zero_table)
 .zero_table    0x0000000000405638       0x1c ./Project_Settings/Startup_Code/startup_cm7.o

.glue_7         0x0000000000405654        0x0
 .glue_7        0x0000000000405654        0x0 linker stubs

.glue_7t        0x0000000000405654        0x0
 .glue_7t       0x0000000000405654        0x0 linker stubs

.vfp11_veneer   0x0000000000405654        0x0
 .vfp11_veneer  0x0000000000405654        0x0 linker stubs

.v4_bx          0x0000000000405654        0x0
 .v4_bx         0x0000000000405654        0x0 linker stubs

.iplt           0x0000000000405654        0x0
 .iplt          0x0000000000405654        0x0 ./Project_Settings/Startup_Code/Vector_Table.o

.rel.dyn        0x0000000000405654        0x0
 .rel.iplt      0x0000000000405654        0x0 ./Project_Settings/Startup_Code/Vector_Table.o
                0x0000000000405654                . = ALIGN (0x4)
                0x0000000000405654                __text_end = .
                0x0000000000405654                __sram_data_rom = __text_end

.sram_data      0x0000000020400000        0x4 load address 0x0000000000405654
                0x0000000020400000                . = ALIGN (0x4)
                0x0000000020400000                __sram_data_begin__ = .
                0x0000000020400000                . = ALIGN (0x4)
 *(.ramcode)
                0x0000000020400000                . = ALIGN (0x4)
 *(.data)
 .data          0x0000000020400000        0x0 ./Project_Settings/Startup_Code/Vector_Table.o
 .data          0x0000000020400000        0x0 ./Project_Settings/Startup_Code/exceptions.o
 .data          0x0000000020400000        0x0 ./Project_Settings/Startup_Code/nvic.o
 .data          0x0000000020400000        0x0 ./Project_Settings/Startup_Code/startup.o
 .data          0x0000000020400000        0x0 ./Project_Settings/Startup_Code/startup_cm7.o
 .data          0x0000000020400000        0x0 ./Project_Settings/Startup_Code/system.o
 .data          0x0000000020400000        0x4 ./RTD/src/Clock_Ip.o
 .data          0x0000000020400004        0x0 ./RTD/src/Clock_Ip_Data.o
 .data          0x0000000020400004        0x0 ./RTD/src/Clock_Ip_Divider.o
 .data          0x0000000020400004        0x0 ./RTD/src/Clock_Ip_DividerTrigger.o
 .data          0x0000000020400004        0x0 ./RTD/src/Clock_Ip_ExtOsc.o
 .data          0x0000000020400004        0x0 ./RTD/src/Clock_Ip_FracDiv.o
 .data          0x0000000020400004        0x0 ./RTD/src/Clock_Ip_Frequency.o
 .data          0x0000000020400004        0x0 ./RTD/src/Clock_Ip_Gate.o
 .data          0x0000000020400004        0x0 ./RTD/src/Clock_Ip_IntOsc.o
 .data          0x0000000020400004        0x0 ./RTD/src/Clock_Ip_Irq.o
 .data          0x0000000020400004        0x0 ./RTD/src/Clock_Ip_Monitor.o
 .data          0x0000000020400004        0x0 ./RTD/src/Clock_Ip_Pll.o
 .data          0x0000000020400004        0x0 ./RTD/src/Clock_Ip_ProgFreqSwitch.o
 .data          0x0000000020400004        0x0 ./RTD/src/Clock_Ip_Selector.o
 .data          0x0000000020400004        0x0 ./RTD/src/Clock_Ip_Specific.o
 .data          0x0000000020400004        0x0 ./RTD/src/Igf_Port_Ip.o
 .data          0x0000000020400004        0x0 ./RTD/src/OsIf_Timer.o
 .data          0x0000000020400004        0x0 ./RTD/src/OsIf_Timer_System.o
 .data          0x0000000020400004        0x0 ./RTD/src/SchM_Mcu.o
 .data          0x0000000020400004        0x0 ./RTD/src/SchM_Port.o
 .data          0x0000000020400004        0x0 ./RTD/src/Siul2_Port_Ip.o
 .data          0x0000000020400004        0x0 ./RTD/src/Tspc_Port_Ip.o
 .data          0x0000000020400004        0x0 ./board/Siul2_Port_Ip_Cfg.o
 .data          0x0000000020400004        0x0 ./board/Tspc_Port_Ip_Cfg.o
 .data          0x0000000020400004        0x0 ./generate/src/Clock_Ip_Cfg.o
 .data          0x0000000020400004        0x0 ./generate/src/Igf_Port_Ip_Cfg.o
 .data          0x0000000020400004        0x0 ./generate/src/OsIf_Cfg.o
 .data          0x0000000020400004        0x0 ./src/main.o
 *(.data*)
                0x0000000020400004                . = ALIGN (0x4)
 *(.mcal_data)
                0x0000000020400004                . = ALIGN (0x4)
                0x0000000020400004                __sram_data_end__ = .
                0x0000000000405658                __sram_data_rom_end = (__sram_data_rom + (__sram_data_end__ - __sram_data_begin__))

.sram_bss       0x0000000020400004      0x53c load address 0x0000000000405658
                0x0000000020400010                . = ALIGN (0x10)
 *fill*         0x0000000020400004        0xc 
                0x0000000020400010                __sram_bss_start = .
 *(.bss)
 .bss           0x0000000020400010        0x0 ./Project_Settings/Startup_Code/Vector_Table.o
 .bss           0x0000000020400010        0x0 ./Project_Settings/Startup_Code/exceptions.o
 .bss           0x0000000020400010        0x0 ./Project_Settings/Startup_Code/nvic.o
 .bss           0x0000000020400010        0x0 ./Project_Settings/Startup_Code/startup.o
 .bss           0x0000000020400010        0x0 ./Project_Settings/Startup_Code/startup_cm7.o
 .bss           0x0000000020400010       0x7c ./Project_Settings/Startup_Code/system.o
                0x0000000020400010                rbar
                0x000000002040004c                rasr
                0x0000000020400088                RESET_CATCH_CORE
 .bss           0x000000002040008c       0x99 ./RTD/src/Clock_Ip.o
                0x000000002040008c                Clock_Ip_pxConfig
                0x0000000020400091                Clock_Ip_FreqIds
 .bss           0x0000000020400125        0x0 ./RTD/src/Clock_Ip_Data.o
 .bss           0x0000000020400125        0x0 ./RTD/src/Clock_Ip_Divider.o
 .bss           0x0000000020400125        0x0 ./RTD/src/Clock_Ip_DividerTrigger.o
 .bss           0x0000000020400125        0x0 ./RTD/src/Clock_Ip_ExtOsc.o
 .bss           0x0000000020400125        0x0 ./RTD/src/Clock_Ip_FracDiv.o
 .bss           0x0000000020400125        0x0 ./RTD/src/Clock_Ip_Frequency.o
 .bss           0x0000000020400125        0x0 ./RTD/src/Clock_Ip_Gate.o
 .bss           0x0000000020400125        0x0 ./RTD/src/Clock_Ip_IntOsc.o
 .bss           0x0000000020400125        0x0 ./RTD/src/Clock_Ip_Irq.o
 *fill*         0x0000000020400125        0x3 
 .bss           0x0000000020400128       0x10 ./RTD/src/Clock_Ip_Monitor.o
 .bss           0x0000000020400138        0x0 ./RTD/src/Clock_Ip_Pll.o
 .bss           0x0000000020400138        0x4 ./RTD/src/Clock_Ip_ProgFreqSwitch.o
 .bss           0x000000002040013c        0x0 ./RTD/src/Clock_Ip_Selector.o
 .bss           0x000000002040013c        0x9 ./RTD/src/Clock_Ip_Specific.o
 .bss           0x0000000020400145        0x0 ./RTD/src/Igf_Port_Ip.o
 .bss           0x0000000020400145        0x0 ./RTD/src/OsIf_Timer.o
 .bss           0x0000000020400145        0x0 ./RTD/src/OsIf_Timer_System.o
 *fill*         0x0000000020400145        0x3 
 .bss           0x0000000020400148       0x60 ./RTD/src/SchM_Mcu.o
 .bss           0x00000000204001a8      0x380 ./RTD/src/SchM_Port.o
 .bss           0x0000000020400528        0x8 ./RTD/src/Siul2_Port_Ip.o
 .bss           0x0000000020400530        0x0 ./RTD/src/Tspc_Port_Ip.o
 .bss           0x0000000020400530        0x0 ./board/Siul2_Port_Ip_Cfg.o
 .bss           0x0000000020400530        0x0 ./board/Tspc_Port_Ip_Cfg.o
 .bss           0x0000000020400530        0x0 ./generate/src/Clock_Ip_Cfg.o
 .bss           0x0000000020400530        0x0 ./generate/src/Igf_Port_Ip_Cfg.o
 .bss           0x0000000020400530        0x0 ./generate/src/OsIf_Cfg.o
 .bss           0x0000000020400530        0x4 ./src/main.o
                0x0000000020400530                exit_code
 *(.bss*)
                0x0000000020400540                . = ALIGN (0x10)
 *fill*         0x0000000020400534        0xc 
 *(.mcal_bss)
                0x0000000020400540                . = ALIGN (0x4)
                0x0000000020400540                __sram_bss_end = .

.heap           0x0000000020400540     0x1000 load address 0x0000000000405b94
                0x0000000000000000                . = (. + ALIGN (0x4))
                0x0000000020400540                _end = .
                0x0000000020400540                end = .
                0x0000000020400540                _heap_start = .
                0x0000000000001000                . = (. + HEAP_SIZE)
 *fill*         0x0000000020400540     0x1000 
                0x0000000020401540                _heap_end = .

.acfls_code_ram
                0x0000000020417f00        0x0
                0x0000000020417f00                acfls_code_ram_start = .
 *(.acfls_code_ram)
                0x0000000020417f00                acfls_code_ram_stop = .
                0x0000000000405658                __non_cacheable_data_rom = __sram_data_rom_end

.non_cacheable_data
                0x0000000020418000      0x104 load address 0x0000000000405658
                0x0000000020418000                . = ALIGN (0x4)
                0x0000000020418000                __non_cacheable_data_start__ = .
 *(.int_results)
                0x0000000020418100                . = (. + 0x100)
 *fill*         0x0000000020418000      0x100 
                0x0000000020418100                . = ALIGN (0x4)
 *(.mcal_data_no_cacheable)
                0x0000000020418100                . = ALIGN (0x4)
 *(.mcal_const_no_cacheable)
                0x0000000020418100                . = ALIGN (0x4)
                0x0000000020418100                HSE_LOOP_ADDR = .
                0x0000000020418100        0x4 LONG 0x0
                0x0000000020418104                __non_cacheable_data_end__ = .
                0x000000000040575c                __non_cacheable_data_rom_end = (__non_cacheable_data_rom + (__non_cacheable_data_end__ - __non_cacheable_data_start__))

.igot.plt       0x0000000020418104        0x0 load address 0x000000000040575c
 .igot.plt      0x0000000020418104        0x0 ./Project_Settings/Startup_Code/Vector_Table.o

.non_cacheable_bss
                0x0000000020418104        0xc load address 0x000000000040575c
                0x0000000020418110                . = ALIGN (0x10)
 *fill*         0x0000000020418104        0xc 
                0x0000000020418110                __non_cacheable_bss_start = .
 *(.mcal_bss_no_cacheable)
                0x0000000020418110                . = ALIGN (0x4)
                0x0000000020418110                __non_cacheable_bss_end = .
                0x000000000040575c                __shareable_data_rom = __non_cacheable_data_rom_end

.shareable_data
                0x0000000020440000        0x0 load address 0x000000000040575c
                0x0000000020440000                . = ALIGN (0x4)
                0x0000000020440000                __shareable_data_start__ = .
 *(.mcal_shared_data)
                0x0000000020440000                . = ALIGN (0x4)
                0x0000000020440000                __shareable_data_end__ = .
                0x000000000040575c                __shareable_data_rom_end = (__shareable_data_rom + (__shareable_data_end__ - __shareable_data_start__))

.int_vector     0x0000000020000000      0x408
                0x0000000020000000                . = ALIGN (0x800)
                0x0000000020000000                __interrupts_ram_start = .
                0x0000000020000408                . = (. + (__interrupts_init_end - __interrupts_init_start))
 *fill*         0x0000000020000000      0x408 
                0x0000000020000408                . = ALIGN (0x4)
                0x0000000020000408                __interrupts_ram_end = .
                0x000000000040575c                __tcm_data_rom = __shareable_data_rom_end

.data_tcm_data  0x0000000020000408        0x0 load address 0x000000000040575c
                0x0000000020000408                . = ALIGN (0x4)
                0x0000000020000408                __dtcm_data_start__ = .
 *(.dtcm_data*)
                0x0000000020000408                . = ALIGN (0x4)
                0x0000000020000408                __dtcm_data_end__ = .
                0x000000000040575c                __tcm_data_rom_end = (__tcm_data_rom + (__dtcm_data_end__ - __dtcm_data_start__))

.bss_tcm_data   0x0000000020000408        0x0
                0x0000000020000408                . = ALIGN (0x4)
                0x0000000020000408                __dtcm_bss_start__ = .
 *(.dtcm_bss*)
                0x0000000020000408                . = ALIGN (0x4)
                0x0000000020000408                __dtcm_bss_end__ = .
                0x000000000040575c                __tcm_code_rom_start = __tcm_data_rom_end

.itcm_text      0x0000000000000000        0x0 load address 0x000000000040575c
                0x0000000000000000                . = ALIGN (0x4)
                0x0000000000000000                __itcm_start__ = .
 *(.itcm_text*)
                0x0000000000000000                . = ALIGN (0x4)
                0x0000000000000000                __itcm_end__ = .
                0x000000000040575c                __tcm_code_rom_end = (__tcm_code_rom_start + (__itcm_end__ - __itcm_start__))

.shareable_bss  0x0000000020440000        0x0
                0x0000000020440000                . = ALIGN (0x10)
                0x0000000020440000                __shareable_bss_start = .
 *(.mcal_shared_bss)
                0x0000000020440000                . = ALIGN (0x4)
                0x0000000020440000                __shareable_bss_end = .
                0x000000002000f000                __Stack_dtcm_end = ORIGIN (int_stack_dtcm)
                0x0000000020010000                __Stack_dtcm_start = (ORIGIN (int_stack_dtcm) + LENGTH (int_stack_dtcm))
                0x0000000020400000                __INT_SRAM_START = ORIGIN (int_sram_c0)
                0x0000000020420000                __INT_SRAM_END = ORIGIN (ram_end_c0)
                0x0000000000000000                __INT_ITCM_START = ORIGIN (int_itcm)
                0x0000000000008000                __INT_ITCM_END = (ORIGIN (int_itcm) + LENGTH (int_itcm))
                0x0000000020000000                __INT_DTCM_START = ORIGIN (int_dtcm)
                0x0000000020010000                __INT_DTCM_END = ((ORIGIN (int_dtcm) + LENGTH (int_dtcm)) + LENGTH (int_stack_dtcm))
                0x0000000020440000                __RAM_SHAREABLE_START = ORIGIN (int_sram_shareable)
                0x0000000020444000                __RAM_SHAREABLE_END = (ORIGIN (int_sram_shareable) + LENGTH (int_sram_shareable))
                0x000000000000000e                __RAM_SHAREABLE_SIZE = 0xe
                0x000000000040575c                __ROM_SHAREABLE_START = __shareable_data_rom
                0x000000000040575c                __ROM_SHAREABLE_END = __shareable_data_rom_end
                0x0000000020418000                __RAM_NO_CACHEABLE_START = ORIGIN (int_sram_no_cacheable_c0)
                0x0000000020420000                __RAM_NO_CACHEABLE_END = (ORIGIN (int_sram_no_cacheable_c0) + LENGTH (int_sram_no_cacheable_c0))
                0x000000000000000f                __RAM_NO_CACHEABLE_SIZE = 0xf
                0x0000000000405658                __ROM_NO_CACHEABLE_START = __non_cacheable_data_rom
                0x000000000040575c                __ROM_NO_CACHEABLE_END = __non_cacheable_data_rom_end
                0x0000000020400000                __RAM_CACHEABLE_START = ORIGIN (int_sram_c0)
                0x0000000020418000                __RAM_CACHEABLE_END = ORIGIN (int_sram_no_cacheable_c0)
                0x0000000000000011                __RAM_CACHEABLE_SIZE = 0x11
                0x0000000000405654                __ROM_CACHEABLE_START = __sram_data_rom
                0x0000000000405658                __ROM_CACHEABLE_END = __sram_data_rom_end
                0x0000000000400000                __ROM_CODE_START = ORIGIN (int_flash_c0)
                0x0000000010000000                __ROM_DATA_START = 0x10000000
                0x0000000020400010                __BSS_SRAM_START = __sram_bss_start
                0x0000000020400540                __BSS_SRAM_END = __sram_bss_end
                0x0000000000000530                __BSS_SRAM_SIZE = (__sram_bss_end - __sram_bss_start)
                0x0000000020418110                __BSS_SRAM_NC_START = __non_cacheable_bss_start
                0x0000000000000000                __BSS_SRAM_NC_SIZE = (__non_cacheable_bss_end - __non_cacheable_bss_start)
                0x0000000020418110                __BSS_SRAM_NC_END = __non_cacheable_bss_end
                0x0000000020440000                __BSS_SRAM_SH_START = __shareable_bss_start
                0x0000000000000000                __BSS_SRAM_SH_SIZE = (__shareable_bss_end - __shareable_bss_start)
                0x0000000020440000                __BSS_SRAM_SH_END = __shareable_bss_end
                0x0000000020000000                __RAM_INTERRUPT_START = __interrupts_ram_start
                0x0000000000400800                __INIT_INTERRUPT_START = __interrupts_init_start
                0x0000000000400c08                __INIT_INTERRUPT_END = __interrupts_init_end
                0x0000000000000000                __RAM_ITCM_START = __itcm_start__
                0x000000000040575c                __ROM_ITCM_START = __tcm_code_rom_start
                0x000000000040575c                __ROM_ITCM_END = __tcm_code_rom_end
                0x0000000020000408                __RAM_DTCM_DATA_START = __dtcm_data_start__
                0x000000000040575c                __ROM_DTCM_DATA_START = __tcm_data_rom
                0x000000000040575c                __ROM_DTCM_END = __tcm_data_rom_end
                0x00000000004055ec                __INIT_TABLE = __init_table
                0x0000000000405638                __ZERO_TABLE = __zero_table
                0x0000000000000001                __RAM_INIT = 0x1
                0x0000000000000001                __ITCM_INIT = 0x1
                0x0000000000000001                __DTCM_INIT = 0x1
                0x0000000000403de4                Fls_ACEraseRomStart = __acfls_code_rom_start
                0x0000000000403de4                Fls_ACEraseRomEnd = __acfls_code_rom_end
                0x0000000000000000                Fls_ACEraseSize = ((__acfls_code_rom_end - __acfls_code_rom_start) / 0x4)
                0x0000000000403de4                Fls_ACWriteRomStart = __acfls_code_rom_start
                0x0000000000403de4                Fls_ACWriteRomEnd = __acfls_code_rom_end
                0x0000000000000000                Fls_ACWriteSize = ((__acfls_code_rom_end - __acfls_code_rom_start) / 0x4)
                0x0000000020417f00                _ERASE_FUNC_ADDRESS_ = ADDR (.acfls_code_ram)
                0x0000000020417f00                _WRITE_FUNC_ADDRESS_ = ADDR (.acfls_code_ram)
                0x0000000000400800                __ENTRY_VTABLE = __INIT_INTERRUPT_START
                0x0000000000400800                __CORE0_VTOR = __INIT_INTERRUPT_START
                0x0000000000600000                __CORE1_VTOR = ORIGIN (int_flash_c1)
                0x0000000000400800                __CORE2_VTOR = __INIT_INTERRUPT_START
                0x0000000000000000                __INDEX_COPY_CORE2 = 0x0
OUTPUT(eg_M7_0.elf elf32-littlearm)
LOAD linker stubs

.ARM.attributes
                0x0000000000000000       0x30
 .ARM.attributes
                0x0000000000000000       0x20 ./Project_Settings/Startup_Code/Vector_Table.o
 .ARM.attributes
                0x0000000000000020       0x34 ./Project_Settings/Startup_Code/exceptions.o
 .ARM.attributes
                0x0000000000000054       0x34 ./Project_Settings/Startup_Code/nvic.o
 .ARM.attributes
                0x0000000000000088       0x34 ./Project_Settings/Startup_Code/startup.o
 .ARM.attributes
                0x00000000000000bc       0x1f ./Project_Settings/Startup_Code/startup_cm7.o
 .ARM.attributes
                0x00000000000000db       0x34 ./Project_Settings/Startup_Code/system.o
 .ARM.attributes
                0x000000000000010f       0x34 ./RTD/src/Clock_Ip.o
 .ARM.attributes
                0x0000000000000143       0x39 ./RTD/src/Clock_Ip_Data.o
 .ARM.attributes
                0x000000000000017c       0x34 ./RTD/src/Clock_Ip_Divider.o
 .ARM.attributes
                0x00000000000001b0       0x34 ./RTD/src/Clock_Ip_DividerTrigger.o
 .ARM.attributes
                0x00000000000001e4       0x34 ./RTD/src/Clock_Ip_ExtOsc.o
 .ARM.attributes
                0x0000000000000218       0x34 ./RTD/src/Clock_Ip_FracDiv.o
 .ARM.attributes
                0x000000000000024c       0x34 ./RTD/src/Clock_Ip_Frequency.o
 .ARM.attributes
                0x0000000000000280       0x34 ./RTD/src/Clock_Ip_Gate.o
 .ARM.attributes
                0x00000000000002b4       0x34 ./RTD/src/Clock_Ip_IntOsc.o
 .ARM.attributes
                0x00000000000002e8       0x34 ./RTD/src/Clock_Ip_Irq.o
 .ARM.attributes
                0x000000000000031c       0x34 ./RTD/src/Clock_Ip_Monitor.o
 .ARM.attributes
                0x0000000000000350       0x34 ./RTD/src/Clock_Ip_Pll.o
 .ARM.attributes
                0x0000000000000384       0x34 ./RTD/src/Clock_Ip_ProgFreqSwitch.o
 .ARM.attributes
                0x00000000000003b8       0x34 ./RTD/src/Clock_Ip_Selector.o
 .ARM.attributes
                0x00000000000003ec       0x34 ./RTD/src/Clock_Ip_Specific.o
 .ARM.attributes
                0x0000000000000420       0x39 ./RTD/src/Igf_Port_Ip.o
 .ARM.attributes
                0x0000000000000459       0x34 ./RTD/src/OsIf_Timer.o
 .ARM.attributes
                0x000000000000048d       0x39 ./RTD/src/OsIf_Timer_System.o
 .ARM.attributes
                0x00000000000004c6       0x34 ./RTD/src/SchM_Mcu.o
 .ARM.attributes
                0x00000000000004fa       0x34 ./RTD/src/SchM_Port.o
 .ARM.attributes
                0x000000000000052e       0x34 ./RTD/src/Siul2_Port_Ip.o
 .ARM.attributes
                0x0000000000000562       0x34 ./RTD/src/Tspc_Port_Ip.o
 .ARM.attributes
                0x0000000000000596       0x39 ./board/Siul2_Port_Ip_Cfg.o
 .ARM.attributes
                0x00000000000005cf       0x39 ./board/Tspc_Port_Ip_Cfg.o
 .ARM.attributes
                0x0000000000000608       0x39 ./generate/src/Clock_Ip_Cfg.o
 .ARM.attributes
                0x0000000000000641       0x39 ./generate/src/Igf_Port_Ip_Cfg.o
 .ARM.attributes
                0x000000000000067a       0x39 ./generate/src/OsIf_Cfg.o
 .ARM.attributes
                0x00000000000006b3       0x34 ./src/main.o

.comment        0x0000000000000000       0x59
 .comment       0x0000000000000000       0x59 ./Project_Settings/Startup_Code/exceptions.o
                                         0x5a (size before relaxing)
 .comment       0x0000000000000059       0x5a ./Project_Settings/Startup_Code/nvic.o
 .comment       0x0000000000000059       0x5a ./Project_Settings/Startup_Code/startup.o
 .comment       0x0000000000000059       0x5a ./Project_Settings/Startup_Code/system.o
 .comment       0x0000000000000059       0x5a ./RTD/src/Clock_Ip.o
 .comment       0x0000000000000059       0x5a ./RTD/src/Clock_Ip_Data.o
 .comment       0x0000000000000059       0x5a ./RTD/src/Clock_Ip_Divider.o
 .comment       0x0000000000000059       0x5a ./RTD/src/Clock_Ip_DividerTrigger.o
 .comment       0x0000000000000059       0x5a ./RTD/src/Clock_Ip_ExtOsc.o
 .comment       0x0000000000000059       0x5a ./RTD/src/Clock_Ip_FracDiv.o
 .comment       0x0000000000000059       0x5a ./RTD/src/Clock_Ip_Frequency.o
 .comment       0x0000000000000059       0x5a ./RTD/src/Clock_Ip_Gate.o
 .comment       0x0000000000000059       0x5a ./RTD/src/Clock_Ip_IntOsc.o
 .comment       0x0000000000000059       0x5a ./RTD/src/Clock_Ip_Irq.o
 .comment       0x0000000000000059       0x5a ./RTD/src/Clock_Ip_Monitor.o
 .comment       0x0000000000000059       0x5a ./RTD/src/Clock_Ip_Pll.o
 .comment       0x0000000000000059       0x5a ./RTD/src/Clock_Ip_ProgFreqSwitch.o
 .comment       0x0000000000000059       0x5a ./RTD/src/Clock_Ip_Selector.o
 .comment       0x0000000000000059       0x5a ./RTD/src/Clock_Ip_Specific.o
 .comment       0x0000000000000059       0x5a ./RTD/src/Igf_Port_Ip.o
 .comment       0x0000000000000059       0x5a ./RTD/src/OsIf_Timer.o
 .comment       0x0000000000000059       0x5a ./RTD/src/OsIf_Timer_System.o
 .comment       0x0000000000000059       0x5a ./RTD/src/SchM_Mcu.o
 .comment       0x0000000000000059       0x5a ./RTD/src/SchM_Port.o
 .comment       0x0000000000000059       0x5a ./RTD/src/Siul2_Port_Ip.o
 .comment       0x0000000000000059       0x5a ./RTD/src/Tspc_Port_Ip.o
 .comment       0x0000000000000059       0x5a ./board/Siul2_Port_Ip_Cfg.o
 .comment       0x0000000000000059       0x5a ./board/Tspc_Port_Ip_Cfg.o
 .comment       0x0000000000000059       0x5a ./generate/src/Clock_Ip_Cfg.o
 .comment       0x0000000000000059       0x5a ./generate/src/Igf_Port_Ip_Cfg.o
 .comment       0x0000000000000059       0x5a ./generate/src/OsIf_Cfg.o
 .comment       0x0000000000000059       0x5a ./src/main.o

.debug_info     0x0000000000000000    0x27326
 .debug_info    0x0000000000000000      0x139 ./Project_Settings/Startup_Code/exceptions.o
 .debug_info    0x0000000000000139      0x752 ./Project_Settings/Startup_Code/nvic.o
 .debug_info    0x000000000000088b      0x33f ./Project_Settings/Startup_Code/startup.o
 .debug_info    0x0000000000000bca       0x22 ./Project_Settings/Startup_Code/startup_cm7.o
 .debug_info    0x0000000000000bec      0xbf8 ./Project_Settings/Startup_Code/system.o
 .debug_info    0x00000000000017e4     0x26b3 ./RTD/src/Clock_Ip.o
 .debug_info    0x0000000000003e97     0x25dd ./RTD/src/Clock_Ip_Data.o
 .debug_info    0x0000000000006474     0x1e67 ./RTD/src/Clock_Ip_Divider.o
 .debug_info    0x00000000000082db     0x1e27 ./RTD/src/Clock_Ip_DividerTrigger.o
 .debug_info    0x000000000000a102     0x2059 ./RTD/src/Clock_Ip_ExtOsc.o
 .debug_info    0x000000000000c15b     0x1c3b ./RTD/src/Clock_Ip_FracDiv.o
 .debug_info    0x000000000000dd96     0x1c0f ./RTD/src/Clock_Ip_Frequency.o
 .debug_info    0x000000000000f9a5     0x1e8d ./RTD/src/Clock_Ip_Gate.o
 .debug_info    0x0000000000011832     0x2398 ./RTD/src/Clock_Ip_IntOsc.o
 .debug_info    0x0000000000013bca     0x1c0a ./RTD/src/Clock_Ip_Irq.o
 .debug_info    0x00000000000157d4     0x20b0 ./RTD/src/Clock_Ip_Monitor.o
 .debug_info    0x0000000000017884     0x1eab ./RTD/src/Clock_Ip_Pll.o
 .debug_info    0x000000000001972f     0x1dcf ./RTD/src/Clock_Ip_ProgFreqSwitch.o
 .debug_info    0x000000000001b4fe     0x2536 ./RTD/src/Clock_Ip_Selector.o
 .debug_info    0x000000000001da34     0x277d ./RTD/src/Clock_Ip_Specific.o
 .debug_info    0x00000000000201b1       0x7d ./RTD/src/Igf_Port_Ip.o
 .debug_info    0x000000000002022e      0x2bb ./RTD/src/OsIf_Timer.o
 .debug_info    0x00000000000204e9       0x7d ./RTD/src/OsIf_Timer_System.o
 .debug_info    0x0000000000020566      0x383 ./RTD/src/SchM_Mcu.o
 .debug_info    0x00000000000208e9     0x1788 ./RTD/src/SchM_Port.o
 .debug_info    0x0000000000022071     0x2f57 ./RTD/src/Siul2_Port_Ip.o
 .debug_info    0x0000000000024fc8      0x32f ./RTD/src/Tspc_Port_Ip.o
 .debug_info    0x00000000000252f7       0x7d ./board/Siul2_Port_Ip_Cfg.o
 .debug_info    0x0000000000025374       0x7d ./board/Tspc_Port_Ip_Cfg.o
 .debug_info    0x00000000000253f1     0x1d71 ./generate/src/Clock_Ip_Cfg.o
 .debug_info    0x0000000000027162       0x7d ./generate/src/Igf_Port_Ip_Cfg.o
 .debug_info    0x00000000000271df       0x7d ./generate/src/OsIf_Cfg.o
 .debug_info    0x000000000002725c       0xca ./src/main.o

.debug_abbrev   0x0000000000000000     0x3309
 .debug_abbrev  0x0000000000000000       0x47 ./Project_Settings/Startup_Code/exceptions.o
 .debug_abbrev  0x0000000000000047      0x102 ./Project_Settings/Startup_Code/nvic.o
 .debug_abbrev  0x0000000000000149       0xf1 ./Project_Settings/Startup_Code/startup.o
 .debug_abbrev  0x000000000000023a       0x12 ./Project_Settings/Startup_Code/startup_cm7.o
 .debug_abbrev  0x000000000000024c      0x22b ./Project_Settings/Startup_Code/system.o
 .debug_abbrev  0x0000000000000477      0x3b7 ./RTD/src/Clock_Ip.o
 .debug_abbrev  0x000000000000082e      0x17f ./RTD/src/Clock_Ip_Data.o
 .debug_abbrev  0x00000000000009ad      0x241 ./RTD/src/Clock_Ip_Divider.o
 .debug_abbrev  0x0000000000000bee      0x22e ./RTD/src/Clock_Ip_DividerTrigger.o
 .debug_abbrev  0x0000000000000e1c      0x2f1 ./RTD/src/Clock_Ip_ExtOsc.o
 .debug_abbrev  0x000000000000110d      0x1a2 ./RTD/src/Clock_Ip_FracDiv.o
 .debug_abbrev  0x00000000000012af      0x165 ./RTD/src/Clock_Ip_Frequency.o
 .debug_abbrev  0x0000000000001414      0x1ef ./RTD/src/Clock_Ip_Gate.o
 .debug_abbrev  0x0000000000001603      0x27d ./RTD/src/Clock_Ip_IntOsc.o
 .debug_abbrev  0x0000000000001880      0x177 ./RTD/src/Clock_Ip_Irq.o
 .debug_abbrev  0x00000000000019f7      0x2bb ./RTD/src/Clock_Ip_Monitor.o
 .debug_abbrev  0x0000000000001cb2      0x249 ./RTD/src/Clock_Ip_Pll.o
 .debug_abbrev  0x0000000000001efb      0x1e8 ./RTD/src/Clock_Ip_ProgFreqSwitch.o
 .debug_abbrev  0x00000000000020e3      0x31b ./RTD/src/Clock_Ip_Selector.o
 .debug_abbrev  0x00000000000023fe      0x339 ./RTD/src/Clock_Ip_Specific.o
 .debug_abbrev  0x0000000000002737       0x29 ./RTD/src/Igf_Port_Ip.o
 .debug_abbrev  0x0000000000002760      0x1a7 ./RTD/src/OsIf_Timer.o
 .debug_abbrev  0x0000000000002907       0x29 ./RTD/src/OsIf_Timer_System.o
 .debug_abbrev  0x0000000000002930      0x124 ./RTD/src/SchM_Mcu.o
 .debug_abbrev  0x0000000000002a54      0x124 ./RTD/src/SchM_Port.o
 .debug_abbrev  0x0000000000002b78      0x38f ./RTD/src/Siul2_Port_Ip.o
 .debug_abbrev  0x0000000000002f07      0x185 ./RTD/src/Tspc_Port_Ip.o
 .debug_abbrev  0x000000000000308c       0x29 ./board/Siul2_Port_Ip_Cfg.o
 .debug_abbrev  0x00000000000030b5       0x29 ./board/Tspc_Port_Ip_Cfg.o
 .debug_abbrev  0x00000000000030de      0x167 ./generate/src/Clock_Ip_Cfg.o
 .debug_abbrev  0x0000000000003245       0x29 ./generate/src/Igf_Port_Ip_Cfg.o
 .debug_abbrev  0x000000000000326e       0x29 ./generate/src/OsIf_Cfg.o
 .debug_abbrev  0x0000000000003297       0x72 ./src/main.o

.debug_aranges  0x0000000000000000      0x3e8
 .debug_aranges
                0x0000000000000000       0x20 ./Project_Settings/Startup_Code/exceptions.o
 .debug_aranges
                0x0000000000000020       0x20 ./Project_Settings/Startup_Code/nvic.o
 .debug_aranges
                0x0000000000000040       0x20 ./Project_Settings/Startup_Code/startup.o
 .debug_aranges
                0x0000000000000060       0x28 ./Project_Settings/Startup_Code/startup_cm7.o
 .debug_aranges
                0x0000000000000088       0x20 ./Project_Settings/Startup_Code/system.o
 .debug_aranges
                0x00000000000000a8       0x20 ./RTD/src/Clock_Ip.o
 .debug_aranges
                0x00000000000000c8       0x18 ./RTD/src/Clock_Ip_Data.o
 .debug_aranges
                0x00000000000000e0       0x20 ./RTD/src/Clock_Ip_Divider.o
 .debug_aranges
                0x0000000000000100       0x20 ./RTD/src/Clock_Ip_DividerTrigger.o
 .debug_aranges
                0x0000000000000120       0x20 ./RTD/src/Clock_Ip_ExtOsc.o
 .debug_aranges
                0x0000000000000140       0x20 ./RTD/src/Clock_Ip_FracDiv.o
 .debug_aranges
                0x0000000000000160       0x20 ./RTD/src/Clock_Ip_Frequency.o
 .debug_aranges
                0x0000000000000180       0x20 ./RTD/src/Clock_Ip_Gate.o
 .debug_aranges
                0x00000000000001a0       0x20 ./RTD/src/Clock_Ip_IntOsc.o
 .debug_aranges
                0x00000000000001c0       0x20 ./RTD/src/Clock_Ip_Irq.o
 .debug_aranges
                0x00000000000001e0       0x20 ./RTD/src/Clock_Ip_Monitor.o
 .debug_aranges
                0x0000000000000200       0x20 ./RTD/src/Clock_Ip_Pll.o
 .debug_aranges
                0x0000000000000220       0x20 ./RTD/src/Clock_Ip_ProgFreqSwitch.o
 .debug_aranges
                0x0000000000000240       0x20 ./RTD/src/Clock_Ip_Selector.o
 .debug_aranges
                0x0000000000000260       0x20 ./RTD/src/Clock_Ip_Specific.o
 .debug_aranges
                0x0000000000000280       0x18 ./RTD/src/Igf_Port_Ip.o
 .debug_aranges
                0x0000000000000298       0x20 ./RTD/src/OsIf_Timer.o
 .debug_aranges
                0x00000000000002b8       0x18 ./RTD/src/OsIf_Timer_System.o
 .debug_aranges
                0x00000000000002d0       0x20 ./RTD/src/SchM_Mcu.o
 .debug_aranges
                0x00000000000002f0       0x20 ./RTD/src/SchM_Port.o
 .debug_aranges
                0x0000000000000310       0x20 ./RTD/src/Siul2_Port_Ip.o
 .debug_aranges
                0x0000000000000330       0x20 ./RTD/src/Tspc_Port_Ip.o
 .debug_aranges
                0x0000000000000350       0x18 ./board/Siul2_Port_Ip_Cfg.o
 .debug_aranges
                0x0000000000000368       0x18 ./board/Tspc_Port_Ip_Cfg.o
 .debug_aranges
                0x0000000000000380       0x18 ./generate/src/Clock_Ip_Cfg.o
 .debug_aranges
                0x0000000000000398       0x18 ./generate/src/Igf_Port_Ip_Cfg.o
 .debug_aranges
                0x00000000000003b0       0x18 ./generate/src/OsIf_Cfg.o
 .debug_aranges
                0x00000000000003c8       0x20 ./src/main.o

.debug_macro    0x0000000000000000    0x51e31
 .debug_macro   0x0000000000000000      0x11b ./Project_Settings/Startup_Code/exceptions.o
 .debug_macro   0x000000000000011b      0xad8 ./Project_Settings/Startup_Code/exceptions.o
 .debug_macro   0x0000000000000bf3      0x34e ./Project_Settings/Startup_Code/exceptions.o
 .debug_macro   0x0000000000000f41       0x22 ./Project_Settings/Startup_Code/exceptions.o
 .debug_macro   0x0000000000000f63      0x16d ./Project_Settings/Startup_Code/exceptions.o
 .debug_macro   0x00000000000010d0       0x82 ./Project_Settings/Startup_Code/exceptions.o
 .debug_macro   0x0000000000001152      0x97b ./Project_Settings/Startup_Code/exceptions.o
 .debug_macro   0x0000000000001acd       0x3a ./Project_Settings/Startup_Code/exceptions.o
 .debug_macro   0x0000000000001b07       0xcc ./Project_Settings/Startup_Code/exceptions.o
 .debug_macro   0x0000000000001bd3       0x67 ./Project_Settings/Startup_Code/exceptions.o
 .debug_macro   0x0000000000001c3a       0x94 ./Project_Settings/Startup_Code/exceptions.o
 .debug_macro   0x0000000000001cce       0xc8 ./Project_Settings/Startup_Code/exceptions.o
 .debug_macro   0x0000000000001d96      0x11e ./Project_Settings/Startup_Code/exceptions.o
 .debug_macro   0x0000000000001eb4       0x52 ./Project_Settings/Startup_Code/exceptions.o
 .debug_macro   0x0000000000001f06       0x16 ./Project_Settings/Startup_Code/exceptions.o
 .debug_macro   0x0000000000001f1c       0x7c ./Project_Settings/Startup_Code/exceptions.o
 .debug_macro   0x0000000000001f98      0x130 ./Project_Settings/Startup_Code/exceptions.o
 .debug_macro   0x00000000000020c8       0x6a ./Project_Settings/Startup_Code/exceptions.o
 .debug_macro   0x0000000000002132       0x58 ./Project_Settings/Startup_Code/exceptions.o
 .debug_macro   0x000000000000218a       0x57 ./Project_Settings/Startup_Code/exceptions.o
 .debug_macro   0x00000000000021e1       0x50 ./Project_Settings/Startup_Code/exceptions.o
 .debug_macro   0x0000000000002231       0x50 ./Project_Settings/Startup_Code/exceptions.o
 .debug_macro   0x0000000000002281      0x33e ./Project_Settings/Startup_Code/nvic.o
 .debug_macro   0x00000000000025bf     0x51e9 ./Project_Settings/Startup_Code/nvic.o
 .debug_macro   0x00000000000077a8      0xba8 ./Project_Settings/Startup_Code/nvic.o
 .debug_macro   0x0000000000008350     0x10a6 ./Project_Settings/Startup_Code/nvic.o
 .debug_macro   0x00000000000093f6      0x180 ./Project_Settings/Startup_Code/nvic.o
 .debug_macro   0x0000000000009576       0xf8 ./Project_Settings/Startup_Code/nvic.o
 .debug_macro   0x000000000000966e      0x370 ./Project_Settings/Startup_Code/nvic.o
 .debug_macro   0x00000000000099de      0x158 ./Project_Settings/Startup_Code/nvic.o
 .debug_macro   0x0000000000009b36      0xd4e ./Project_Settings/Startup_Code/nvic.o
 .debug_macro   0x000000000000a884     0x2819 ./Project_Settings/Startup_Code/nvic.o
 .debug_macro   0x000000000000d09d      0x2ea ./Project_Settings/Startup_Code/nvic.o
 .debug_macro   0x000000000000d387       0x8e ./Project_Settings/Startup_Code/nvic.o
 .debug_macro   0x000000000000d415     0xd22d ./Project_Settings/Startup_Code/nvic.o
 .debug_macro   0x000000000001a642      0xe49 ./Project_Settings/Startup_Code/nvic.o
 .debug_macro   0x000000000001b48b     0x7375 ./Project_Settings/Startup_Code/nvic.o
 .debug_macro   0x0000000000022800      0xbaa ./Project_Settings/Startup_Code/nvic.o
 .debug_macro   0x00000000000233aa      0xd69 ./Project_Settings/Startup_Code/nvic.o
 .debug_macro   0x0000000000024113      0xb4d ./Project_Settings/Startup_Code/nvic.o
 .debug_macro   0x0000000000024c60       0x5c ./Project_Settings/Startup_Code/nvic.o
 .debug_macro   0x0000000000024cbc      0xad5 ./Project_Settings/Startup_Code/nvic.o
 .debug_macro   0x0000000000025791     0x1531 ./Project_Settings/Startup_Code/nvic.o
 .debug_macro   0x0000000000026cc2      0x867 ./Project_Settings/Startup_Code/nvic.o
 .debug_macro   0x0000000000027529       0xcc ./Project_Settings/Startup_Code/nvic.o
 .debug_macro   0x00000000000275f5       0xd6 ./Project_Settings/Startup_Code/nvic.o
 .debug_macro   0x00000000000276cb      0x105 ./Project_Settings/Startup_Code/nvic.o
 .debug_macro   0x00000000000277d0      0x507 ./Project_Settings/Startup_Code/nvic.o
 .debug_macro   0x0000000000027cd7      0x779 ./Project_Settings/Startup_Code/nvic.o
 .debug_macro   0x0000000000028450      0xe1f ./Project_Settings/Startup_Code/nvic.o
 .debug_macro   0x000000000002926f      0x93f ./Project_Settings/Startup_Code/nvic.o
 .debug_macro   0x0000000000029bae      0xd53 ./Project_Settings/Startup_Code/nvic.o
 .debug_macro   0x000000000002a901      0x2da ./Project_Settings/Startup_Code/nvic.o
 .debug_macro   0x000000000002abdb     0x1095 ./Project_Settings/Startup_Code/nvic.o
 .debug_macro   0x000000000002bc70     0x2071 ./Project_Settings/Startup_Code/nvic.o
 .debug_macro   0x000000000002dce1      0x54c ./Project_Settings/Startup_Code/nvic.o
 .debug_macro   0x000000000002e22d      0x31c ./Project_Settings/Startup_Code/nvic.o
 .debug_macro   0x000000000002e549      0xcab ./Project_Settings/Startup_Code/nvic.o
 .debug_macro   0x000000000002f1f4     0x15d2 ./Project_Settings/Startup_Code/nvic.o
 .debug_macro   0x00000000000307c6      0x529 ./Project_Settings/Startup_Code/nvic.o
 .debug_macro   0x0000000000030cef      0x242 ./Project_Settings/Startup_Code/nvic.o
 .debug_macro   0x0000000000030f31      0x20a ./Project_Settings/Startup_Code/nvic.o
 .debug_macro   0x000000000003113b      0x3f9 ./Project_Settings/Startup_Code/nvic.o
 .debug_macro   0x0000000000031534       0x6a ./Project_Settings/Startup_Code/nvic.o
 .debug_macro   0x000000000003159e      0xbb5 ./Project_Settings/Startup_Code/nvic.o
 .debug_macro   0x0000000000032153       0x47 ./Project_Settings/Startup_Code/nvic.o
 .debug_macro   0x000000000003219a      0x23b ./Project_Settings/Startup_Code/nvic.o
 .debug_macro   0x00000000000323d5      0xb27 ./Project_Settings/Startup_Code/nvic.o
 .debug_macro   0x0000000000032efc      0x2f4 ./Project_Settings/Startup_Code/nvic.o
 .debug_macro   0x00000000000331f0       0x94 ./Project_Settings/Startup_Code/nvic.o
 .debug_macro   0x0000000000033284       0xf2 ./Project_Settings/Startup_Code/nvic.o
 .debug_macro   0x0000000000033376       0x5d ./Project_Settings/Startup_Code/nvic.o
 .debug_macro   0x00000000000333d3     0x7bf9 ./Project_Settings/Startup_Code/nvic.o
 .debug_macro   0x000000000003afcc      0xf35 ./Project_Settings/Startup_Code/nvic.o
 .debug_macro   0x000000000003bf01       0xfe ./Project_Settings/Startup_Code/nvic.o
 .debug_macro   0x000000000003bfff      0x2d4 ./Project_Settings/Startup_Code/nvic.o
 .debug_macro   0x000000000003c2d3       0x78 ./Project_Settings/Startup_Code/nvic.o
 .debug_macro   0x000000000003c34b       0xb2 ./Project_Settings/Startup_Code/nvic.o
 .debug_macro   0x000000000003c3fd      0x1cf ./Project_Settings/Startup_Code/nvic.o
 .debug_macro   0x000000000003c5cc      0x56e ./Project_Settings/Startup_Code/nvic.o
 .debug_macro   0x000000000003cb3a      0x3f8 ./Project_Settings/Startup_Code/nvic.o
 .debug_macro   0x000000000003cf32      0x338 ./Project_Settings/Startup_Code/nvic.o
 .debug_macro   0x000000000003d26a      0x4c8 ./Project_Settings/Startup_Code/nvic.o
 .debug_macro   0x000000000003d732      0xd67 ./Project_Settings/Startup_Code/nvic.o
 .debug_macro   0x000000000003e499     0x1b52 ./Project_Settings/Startup_Code/nvic.o
 .debug_macro   0x000000000003ffeb      0xcd9 ./Project_Settings/Startup_Code/nvic.o
 .debug_macro   0x0000000000040cc4      0x136 ./Project_Settings/Startup_Code/nvic.o
 .debug_macro   0x0000000000040dfa      0x392 ./Project_Settings/Startup_Code/nvic.o
 .debug_macro   0x000000000004118c       0x2e ./Project_Settings/Startup_Code/nvic.o
 .debug_macro   0x00000000000411ba       0x9f ./Project_Settings/Startup_Code/startup.o
 .debug_macro   0x0000000000041259      0x1dd ./Project_Settings/Startup_Code/system.o
 .debug_macro   0x0000000000041436       0x52 ./Project_Settings/Startup_Code/system.o
 .debug_macro   0x0000000000041488       0x50 ./Project_Settings/Startup_Code/system.o
 .debug_macro   0x00000000000414d8       0x50 ./Project_Settings/Startup_Code/system.o
 .debug_macro   0x0000000000041528      0x4dc ./RTD/src/Clock_Ip.o
 .debug_macro   0x0000000000041a04     0x108f ./RTD/src/Clock_Ip.o
 .debug_macro   0x0000000000042a93      0x525 ./RTD/src/Clock_Ip.o
 .debug_macro   0x0000000000042fb8       0x2e ./RTD/src/Clock_Ip.o
 .debug_macro   0x0000000000042fe6       0x4d ./RTD/src/Clock_Ip.o
 .debug_macro   0x0000000000043033       0x50 ./RTD/src/Clock_Ip.o
 .debug_macro   0x0000000000043083       0x50 ./RTD/src/Clock_Ip.o
 .debug_macro   0x00000000000430d3       0x50 ./RTD/src/Clock_Ip.o
 .debug_macro   0x0000000000043123       0x50 ./RTD/src/Clock_Ip.o
 .debug_macro   0x0000000000043173       0x34 ./RTD/src/Clock_Ip.o
 .debug_macro   0x00000000000431a7       0xdc ./RTD/src/Clock_Ip.o
 .debug_macro   0x0000000000043283      0x170 ./RTD/src/Clock_Ip.o
 .debug_macro   0x00000000000433f3       0x50 ./RTD/src/Clock_Ip.o
 .debug_macro   0x0000000000043443       0x50 ./RTD/src/Clock_Ip.o
 .debug_macro   0x0000000000043493       0x50 ./RTD/src/Clock_Ip.o
 .debug_macro   0x00000000000434e3       0x50 ./RTD/src/Clock_Ip.o
 .debug_macro   0x0000000000043533       0x50 ./RTD/src/Clock_Ip.o
 .debug_macro   0x0000000000043583       0x50 ./RTD/src/Clock_Ip.o
 .debug_macro   0x00000000000435d3       0xa5 ./RTD/src/Clock_Ip.o
 .debug_macro   0x0000000000043678       0x50 ./RTD/src/Clock_Ip.o
 .debug_macro   0x00000000000436c8       0x50 ./RTD/src/Clock_Ip.o
 .debug_macro   0x0000000000043718       0x50 ./RTD/src/Clock_Ip.o
 .debug_macro   0x0000000000043768       0x50 ./RTD/src/Clock_Ip.o
 .debug_macro   0x00000000000437b8       0x50 ./RTD/src/Clock_Ip.o
 .debug_macro   0x0000000000043808       0x50 ./RTD/src/Clock_Ip.o
 .debug_macro   0x0000000000043858       0x35 ./RTD/src/Clock_Ip.o
 .debug_macro   0x000000000004388d       0x50 ./RTD/src/Clock_Ip.o
 .debug_macro   0x00000000000438dd       0x50 ./RTD/src/Clock_Ip.o
 .debug_macro   0x000000000004392d       0x50 ./RTD/src/Clock_Ip.o
 .debug_macro   0x000000000004397d       0x50 ./RTD/src/Clock_Ip.o
 .debug_macro   0x00000000000439cd       0x50 ./RTD/src/Clock_Ip.o
 .debug_macro   0x0000000000043a1d       0x50 ./RTD/src/Clock_Ip.o
 .debug_macro   0x0000000000043a6d      0x906 ./RTD/src/Clock_Ip_Data.o
 .debug_macro   0x0000000000044373      0x3ff ./RTD/src/Clock_Ip_Divider.o
 .debug_macro   0x0000000000044772      0x3fd ./RTD/src/Clock_Ip_DividerTrigger.o
 .debug_macro   0x0000000000044b6f      0x3ff ./RTD/src/Clock_Ip_ExtOsc.o
 .debug_macro   0x0000000000044f6e      0x3fd ./RTD/src/Clock_Ip_FracDiv.o
 .debug_macro   0x000000000004536b      0x393 ./RTD/src/Clock_Ip_Frequency.o
 .debug_macro   0x00000000000456fe      0x3ff ./RTD/src/Clock_Ip_Gate.o
 .debug_macro   0x0000000000045afd      0x40d ./RTD/src/Clock_Ip_IntOsc.o
 .debug_macro   0x0000000000045f0a      0x3bb ./RTD/src/Clock_Ip_Irq.o
 .debug_macro   0x00000000000462c5      0x47a ./RTD/src/Clock_Ip_Monitor.o
 .debug_macro   0x000000000004673f       0x3a ./RTD/src/Clock_Ip_Monitor.o
 .debug_macro   0x0000000000046779       0x50 ./RTD/src/Clock_Ip_Monitor.o
 .debug_macro   0x00000000000467c9       0x50 ./RTD/src/Clock_Ip_Monitor.o
 .debug_macro   0x0000000000046819       0x50 ./RTD/src/Clock_Ip_Monitor.o
 .debug_macro   0x0000000000046869       0x50 ./RTD/src/Clock_Ip_Monitor.o
 .debug_macro   0x00000000000468b9      0x40d ./RTD/src/Clock_Ip_Pll.o
 .debug_macro   0x0000000000046cc6      0x45d ./RTD/src/Clock_Ip_ProgFreqSwitch.o
 .debug_macro   0x0000000000047123      0x3ff ./RTD/src/Clock_Ip_Selector.o
 .debug_macro   0x0000000000047522      0x51b ./RTD/src/Clock_Ip_Specific.o
 .debug_macro   0x0000000000047a3d       0x50 ./RTD/src/Clock_Ip_Specific.o
 .debug_macro   0x0000000000047a8d       0x50 ./RTD/src/Clock_Ip_Specific.o
 .debug_macro   0x0000000000047add       0x50 ./RTD/src/Clock_Ip_Specific.o
 .debug_macro   0x0000000000047b2d       0x50 ./RTD/src/Clock_Ip_Specific.o
 .debug_macro   0x0000000000047b7d       0x50 ./RTD/src/Clock_Ip_Specific.o
 .debug_macro   0x0000000000047bcd       0x50 ./RTD/src/Clock_Ip_Specific.o
 .debug_macro   0x0000000000047c1d      0x1c3 ./RTD/src/Igf_Port_Ip.o
 .debug_macro   0x0000000000047de0       0x34 ./RTD/src/Igf_Port_Ip.o
 .debug_macro   0x0000000000047e14       0x34 ./RTD/src/Igf_Port_Ip.o
 .debug_macro   0x0000000000047e48     0x7bf3 ./RTD/src/Igf_Port_Ip.o
 .debug_macro   0x000000000004fa3b       0xf0 ./RTD/src/Igf_Port_Ip.o
 .debug_macro   0x000000000004fb2b       0x3a ./RTD/src/Igf_Port_Ip.o
 .debug_macro   0x000000000004fb65       0x5e ./RTD/src/Igf_Port_Ip.o
 .debug_macro   0x000000000004fbc3       0x34 ./RTD/src/Igf_Port_Ip.o
 .debug_macro   0x000000000004fbf7       0x2e ./RTD/src/Igf_Port_Ip.o
 .debug_macro   0x000000000004fc25       0x3a ./RTD/src/Igf_Port_Ip.o
 .debug_macro   0x000000000004fc5f      0x1d7 ./RTD/src/OsIf_Timer.o
 .debug_macro   0x000000000004fe36       0x70 ./RTD/src/OsIf_Timer.o
 .debug_macro   0x000000000004fea6      0x168 ./RTD/src/OsIf_Timer_System.o
 .debug_macro   0x000000000005000e       0x3a ./RTD/src/OsIf_Timer_System.o
 .debug_macro   0x0000000000050048      0x1e2 ./RTD/src/SchM_Mcu.o
 .debug_macro   0x000000000005022a       0x50 ./RTD/src/SchM_Mcu.o
 .debug_macro   0x000000000005027a       0x50 ./RTD/src/SchM_Mcu.o
 .debug_macro   0x00000000000502ca      0x1e6 ./RTD/src/SchM_Port.o
 .debug_macro   0x00000000000504b0      0x26b ./RTD/src/Siul2_Port_Ip.o
 .debug_macro   0x000000000005071b       0x97 ./RTD/src/Siul2_Port_Ip.o
 .debug_macro   0x00000000000507b2       0x50 ./RTD/src/Siul2_Port_Ip.o
 .debug_macro   0x0000000000050802       0x50 ./RTD/src/Siul2_Port_Ip.o
 .debug_macro   0x0000000000050852      0x1ff ./RTD/src/Siul2_Port_Ip.o
 .debug_macro   0x0000000000050a51       0x50 ./RTD/src/Siul2_Port_Ip.o
 .debug_macro   0x0000000000050aa1       0x50 ./RTD/src/Siul2_Port_Ip.o
 .debug_macro   0x0000000000050af1       0x50 ./RTD/src/Siul2_Port_Ip.o
 .debug_macro   0x0000000000050b41       0x50 ./RTD/src/Siul2_Port_Ip.o
 .debug_macro   0x0000000000050b91       0x50 ./RTD/src/Siul2_Port_Ip.o
 .debug_macro   0x0000000000050be1       0x50 ./RTD/src/Siul2_Port_Ip.o
 .debug_macro   0x0000000000050c31      0x211 ./RTD/src/Tspc_Port_Ip.o
 .debug_macro   0x0000000000050e42       0x34 ./RTD/src/Tspc_Port_Ip.o
 .debug_macro   0x0000000000050e76      0x568 ./RTD/src/Tspc_Port_Ip.o
 .debug_macro   0x00000000000513de       0x34 ./RTD/src/Tspc_Port_Ip.o
 .debug_macro   0x0000000000051412       0x3c ./RTD/src/Tspc_Port_Ip.o
 .debug_macro   0x000000000005144e      0x106 ./board/Siul2_Port_Ip_Cfg.o
 .debug_macro   0x0000000000051554       0xee ./board/Tspc_Port_Ip_Cfg.o
 .debug_macro   0x0000000000051642      0x3c1 ./generate/src/Clock_Ip_Cfg.o
 .debug_macro   0x0000000000051a03      0x1a0 ./generate/src/Igf_Port_Ip_Cfg.o
 .debug_macro   0x0000000000051ba3      0x139 ./generate/src/OsIf_Cfg.o
 .debug_macro   0x0000000000051cdc       0x5e ./generate/src/OsIf_Cfg.o
 .debug_macro   0x0000000000051d3a       0xf7 ./src/main.o

.debug_line     0x0000000000000000     0xcc25
 .debug_line    0x0000000000000000      0x406 ./Project_Settings/Startup_Code/exceptions.o
 .debug_line    0x0000000000000406      0x7eb ./Project_Settings/Startup_Code/nvic.o
 .debug_line    0x0000000000000bf1      0x434 ./Project_Settings/Startup_Code/startup.o
 .debug_line    0x0000000000001025      0x139 ./Project_Settings/Startup_Code/startup_cm7.o
 .debug_line    0x000000000000115e      0x793 ./Project_Settings/Startup_Code/system.o
 .debug_line    0x00000000000018f1     0x12c8 ./RTD/src/Clock_Ip.o
 .debug_line    0x0000000000002bb9      0x47c ./RTD/src/Clock_Ip_Data.o
 .debug_line    0x0000000000003035      0x64e ./RTD/src/Clock_Ip_Divider.o
 .debug_line    0x0000000000003683      0x5a7 ./RTD/src/Clock_Ip_DividerTrigger.o
 .debug_line    0x0000000000003c2a      0x720 ./RTD/src/Clock_Ip_ExtOsc.o
 .debug_line    0x000000000000434a      0x4a3 ./RTD/src/Clock_Ip_FracDiv.o
 .debug_line    0x00000000000047ed      0x49d ./RTD/src/Clock_Ip_Frequency.o
 .debug_line    0x0000000000004c8a      0x61d ./RTD/src/Clock_Ip_Gate.o
 .debug_line    0x00000000000052a7      0x609 ./RTD/src/Clock_Ip_IntOsc.o
 .debug_line    0x00000000000058b0      0x490 ./RTD/src/Clock_Ip_Irq.o
 .debug_line    0x0000000000005d40      0x7bb ./RTD/src/Clock_Ip_Monitor.o
 .debug_line    0x00000000000064fb      0x6d1 ./RTD/src/Clock_Ip_Pll.o
 .debug_line    0x0000000000006bcc      0x6d7 ./RTD/src/Clock_Ip_ProgFreqSwitch.o
 .debug_line    0x00000000000072a3      0xa61 ./RTD/src/Clock_Ip_Selector.o
 .debug_line    0x0000000000007d04      0x8e1 ./RTD/src/Clock_Ip_Specific.o
 .debug_line    0x00000000000085e5      0x3f1 ./RTD/src/Igf_Port_Ip.o
 .debug_line    0x00000000000089d6      0x38e ./RTD/src/OsIf_Timer.o
 .debug_line    0x0000000000008d64      0x347 ./RTD/src/OsIf_Timer_System.o
 .debug_line    0x00000000000090ab      0x4f7 ./RTD/src/SchM_Mcu.o
 .debug_line    0x00000000000095a2     0x12be ./RTD/src/SchM_Port.o
 .debug_line    0x000000000000a860      0xa9a ./RTD/src/Siul2_Port_Ip.o
 .debug_line    0x000000000000b2fa      0x5d8 ./RTD/src/Tspc_Port_Ip.o
 .debug_line    0x000000000000b8d2      0x2d7 ./board/Siul2_Port_Ip_Cfg.o
 .debug_line    0x000000000000bba9      0x267 ./board/Tspc_Port_Ip_Cfg.o
 .debug_line    0x000000000000be10      0x480 ./generate/src/Clock_Ip_Cfg.o
 .debug_line    0x000000000000c290      0x3db ./generate/src/Igf_Port_Ip_Cfg.o
 .debug_line    0x000000000000c66b      0x2fb ./generate/src/OsIf_Cfg.o
 .debug_line    0x000000000000c966      0x2bf ./src/main.o

.debug_str      0x0000000000000000   0x21323a
 .debug_str     0x0000000000000000     0x7d1e ./Project_Settings/Startup_Code/exceptions.o
                                       0x7f31 (size before relaxing)
 .debug_str     0x0000000000007d1e   0x1fa45b ./Project_Settings/Startup_Code/nvic.o
                                     0x200dad (size before relaxing)
 .debug_str     0x0000000000202179      0x117 ./Project_Settings/Startup_Code/startup.o
                                       0x5e64 (size before relaxing)
 .debug_str     0x0000000000202290       0x3b ./Project_Settings/Startup_Code/startup_cm7.o
                                         0x72 (size before relaxing)
 .debug_str     0x00000000002022cb      0x770 ./Project_Settings/Startup_Code/system.o
                                      0x165d0 (size before relaxing)
 .debug_str     0x0000000000202a3b     0x5572 ./RTD/src/Clock_Ip.o
                                      0x38b48 (size before relaxing)
 .debug_str     0x0000000000207fad     0x1d14 ./RTD/src/Clock_Ip_Data.o
                                      0x39c42 (size before relaxing)
 .debug_str     0x0000000000209cc1      0x239 ./RTD/src/Clock_Ip_Divider.o
                                      0x382ab (size before relaxing)
 .debug_str     0x0000000000209efa      0x201 ./RTD/src/Clock_Ip_DividerTrigger.o
                                      0x382ac (size before relaxing)
 .debug_str     0x000000000020a0fb      0x2f8 ./RTD/src/Clock_Ip_ExtOsc.o
                                      0x38387 (size before relaxing)
 .debug_str     0x000000000020a3f3      0x181 ./RTD/src/Clock_Ip_FracDiv.o
                                      0x38042 (size before relaxing)
 .debug_str     0x000000000020a574       0x2b ./RTD/src/Clock_Ip_Frequency.o
                                      0x37f0b (size before relaxing)
 .debug_str     0x000000000020a59f      0x221 ./RTD/src/Clock_Ip_Gate.o
                                      0x382b1 (size before relaxing)
 .debug_str     0x000000000020a7c0      0x38b ./RTD/src/Clock_Ip_IntOsc.o
                                      0x386da (size before relaxing)
 .debug_str     0x000000000020ab4b      0x154 ./RTD/src/Clock_Ip_Irq.o
                                      0x38006 (size before relaxing)
 .debug_str     0x000000000020ac9f      0x787 ./RTD/src/Clock_Ip_Monitor.o
                                      0x3888f (size before relaxing)
 .debug_str     0x000000000020b426      0x2f8 ./RTD/src/Clock_Ip_Pll.o
                                      0x383a6 (size before relaxing)
 .debug_str     0x000000000020b71e      0x2f7 ./RTD/src/Clock_Ip_ProgFreqSwitch.o
                                      0x3827a (size before relaxing)
 .debug_str     0x000000000020ba15      0x2ec ./RTD/src/Clock_Ip_Selector.o
                                      0x38392 (size before relaxing)
 .debug_str     0x000000000020bd01      0x4ef ./RTD/src/Clock_Ip_Specific.o
                                      0x38b77 (size before relaxing)
 .debug_str     0x000000000020c1f0     0x1219 ./RTD/src/Igf_Port_Ip.o
                                      0x5b2e8 (size before relaxing)
 .debug_str     0x000000000020d409      0x41c ./RTD/src/OsIf_Timer.o
                                       0x84ad (size before relaxing)
 .debug_str     0x000000000020d825      0x14c ./RTD/src/OsIf_Timer_System.o
                                       0x83a4 (size before relaxing)
 .debug_str     0x000000000020d971      0x381 ./RTD/src/SchM_Mcu.o
                                       0x85c6 (size before relaxing)
 .debug_str     0x000000000020dcf2     0x106b ./RTD/src/SchM_Port.o
                                       0x93ac (size before relaxing)
 .debug_str     0x000000000020ed5d     0x37bc ./RTD/src/Siul2_Port_Ip.o
                                      0x5e99e (size before relaxing)
 .debug_str     0x0000000000212519      0x5d9 ./RTD/src/Tspc_Port_Ip.o
                                      0x5dde4 (size before relaxing)
 .debug_str     0x0000000000212af2      0x143 ./board/Siul2_Port_Ip_Cfg.o
                                      0x58dd7 (size before relaxing)
 .debug_str     0x0000000000212c35      0x13b ./board/Tspc_Port_Ip_Cfg.o
                                       0x89ca (size before relaxing)
 .debug_str     0x0000000000212d70      0x271 ./generate/src/Clock_Ip_Cfg.o
                                      0x38123 (size before relaxing)
 .debug_str     0x0000000000212fe1      0x13a ./generate/src/Igf_Port_Ip_Cfg.o
                                      0x5b06f (size before relaxing)
 .debug_str     0x000000000021311b      0x102 ./generate/src/OsIf_Cfg.o
                                       0x80b5 (size before relaxing)
 .debug_str     0x000000000021321d       0x1d ./src/main.o
                                       0x7c9f (size before relaxing)

.debug_frame    0x0000000000000000     0x1280
 .debug_frame   0x0000000000000000       0xb0 ./Project_Settings/Startup_Code/exceptions.o
 .debug_frame   0x00000000000000b0       0x50 ./Project_Settings/Startup_Code/nvic.o
 .debug_frame   0x0000000000000100       0x50 ./Project_Settings/Startup_Code/startup.o
 .debug_frame   0x0000000000000150       0x60 ./Project_Settings/Startup_Code/system.o
 .debug_frame   0x00000000000001b0      0x1b8 ./RTD/src/Clock_Ip.o
 .debug_frame   0x0000000000000368       0x70 ./RTD/src/Clock_Ip_Divider.o
 .debug_frame   0x00000000000003d8       0x50 ./RTD/src/Clock_Ip_DividerTrigger.o
 .debug_frame   0x0000000000000428       0xf8 ./RTD/src/Clock_Ip_ExtOsc.o
 .debug_frame   0x0000000000000520       0x30 ./RTD/src/Clock_Ip_FracDiv.o
 .debug_frame   0x0000000000000550       0x20 ./RTD/src/Clock_Ip_Frequency.o
 .debug_frame   0x0000000000000570       0x6c ./RTD/src/Clock_Ip_Gate.o
 .debug_frame   0x00000000000005dc       0xb8 ./RTD/src/Clock_Ip_IntOsc.o
 .debug_frame   0x0000000000000694       0x20 ./RTD/src/Clock_Ip_Irq.o
 .debug_frame   0x00000000000006b4       0xd0 ./RTD/src/Clock_Ip_Monitor.o
 .debug_frame   0x0000000000000784       0xa4 ./RTD/src/Clock_Ip_Pll.o
 .debug_frame   0x0000000000000828       0x40 ./RTD/src/Clock_Ip_ProgFreqSwitch.o
 .debug_frame   0x0000000000000868       0xf8 ./RTD/src/Clock_Ip_Selector.o
 .debug_frame   0x0000000000000960       0xf8 ./RTD/src/Clock_Ip_Specific.o
 .debug_frame   0x0000000000000a58       0x60 ./RTD/src/OsIf_Timer.o
 .debug_frame   0x0000000000000ab8       0xb0 ./RTD/src/SchM_Mcu.o
 .debug_frame   0x0000000000000b68      0x560 ./RTD/src/SchM_Port.o
 .debug_frame   0x00000000000010c8      0x140 ./RTD/src/Siul2_Port_Ip.o
 .debug_frame   0x0000000000001208       0x58 ./RTD/src/Tspc_Port_Ip.o
 .debug_frame   0x0000000000001260       0x20 ./src/main.o

.debug_loc      0x0000000000000000     0x3fae
 .debug_loc     0x0000000000000000       0xb9 ./Project_Settings/Startup_Code/nvic.o
 .debug_loc     0x00000000000000b9      0x3f7 ./Project_Settings/Startup_Code/startup.o
 .debug_loc     0x00000000000004b0      0x287 ./Project_Settings/Startup_Code/system.o
 .debug_loc     0x0000000000000737      0x80f ./RTD/src/Clock_Ip.o
 .debug_loc     0x0000000000000f46      0x185 ./RTD/src/Clock_Ip_Divider.o
 .debug_loc     0x00000000000010cb       0x90 ./RTD/src/Clock_Ip_DividerTrigger.o
 .debug_loc     0x000000000000115b      0x182 ./RTD/src/Clock_Ip_ExtOsc.o
 .debug_loc     0x00000000000012dd       0x25 ./RTD/src/Clock_Ip_FracDiv.o
 .debug_loc     0x0000000000001302      0x143 ./RTD/src/Clock_Ip_Gate.o
 .debug_loc     0x0000000000001445      0x10c ./RTD/src/Clock_Ip_IntOsc.o
 .debug_loc     0x0000000000001551      0x4bd ./RTD/src/Clock_Ip_Monitor.o
 .debug_loc     0x0000000000001a0e      0x236 ./RTD/src/Clock_Ip_Pll.o
 .debug_loc     0x0000000000001c44      0x590 ./RTD/src/Clock_Ip_ProgFreqSwitch.o
 .debug_loc     0x00000000000021d4      0x513 ./RTD/src/Clock_Ip_Selector.o
 .debug_loc     0x00000000000026e7      0x2ce ./RTD/src/Clock_Ip_Specific.o
 .debug_loc     0x00000000000029b5       0x99 ./RTD/src/OsIf_Timer.o
 .debug_loc     0x0000000000002a4e      0x111 ./RTD/src/SchM_Mcu.o
 .debug_loc     0x0000000000002b5f      0x945 ./RTD/src/SchM_Port.o
 .debug_loc     0x00000000000034a4      0x990 ./RTD/src/Siul2_Port_Ip.o
 .debug_loc     0x0000000000003e34      0x17a ./RTD/src/Tspc_Port_Ip.o

.debug_ranges   0x0000000000000000      0x1a0
 .debug_ranges  0x0000000000000000       0x20 ./Project_Settings/Startup_Code/startup_cm7.o
 .debug_ranges  0x0000000000000020       0x38 ./Project_Settings/Startup_Code/system.o
 .debug_ranges  0x0000000000000058       0x90 ./RTD/src/Clock_Ip.o
 .debug_ranges  0x00000000000000e8       0x30 ./RTD/src/Clock_Ip_Selector.o
 .debug_ranges  0x0000000000000118       0x18 ./RTD/src/Clock_Ip_Specific.o
 .debug_ranges  0x0000000000000130       0x30 ./RTD/src/Siul2_Port_Ip.o
 .debug_ranges  0x0000000000000160       0x30 ./RTD/src/Tspc_Port_Ip.o
 .debug_ranges  0x0000000000000190       0x10 ./src/main.o
